c[?7l[2J[0mSeaBIOS (version rel-1.16.3-0-ga6ed6b701f0a-prebuilt.qemu.org)


iPXE (http://ipxe.org) 00:03.0 CA00 PCI2.10 PnP PMM+7EFD0D70+7EF30D70 CA00
Press Ctrl-B to configure iPXE (PCI 00:03.0)...
                                                                               


Booting from ROM..c[?7l[2J[    0.000000] Linux version 6.10.0 (dbydd@dbyddlaptop) (gcc (Ubuntu 13.2.0-23ubuntu4) 13.2.0, GNU ld (GNU Binutils for Ubuntu) 2.42) #12 SMP PREEMPT_DYNAMIC Wed Aug  7 13:21:41 HKT 2024
[    0.000000] Command line: root=/dev/root ro rootfstype=9p rootflags=trans=virtio console=ttyS0 init=/bin/sh
[    0.000000] BIOS-provided physical RAM map:
[    0.000000] BIOS-e820: [mem 0x0000000000000000-0x000000000009fbff] usable
[    0.000000] BIOS-e820: [mem 0x000000000009fc00-0x000000000009ffff] reserved
[    0.000000] BIOS-e820: [mem 0x00000000000f0000-0x00000000000fffff] reserved
[    0.000000] BIOS-e820: [mem 0x0000000000100000-0x000000007ffdffff] usable
[    0.000000] BIOS-e820: [mem 0x000000007ffe0000-0x000000007fffffff] reserved
[    0.000000] BIOS-e820: [mem 0x00000000fffc0000-0x00000000ffffffff] reserved
[    0.000000] BIOS-e820: [mem 0x000000fd00000000-0x000000ffffffffff] reserved
[    0.000000] NX (Execute Disable) protection: active
[    0.000000] APIC: Static calls initialized
[    0.000000] SMBIOS 2.8 present.
[    0.000000] DMI: QEMU Standard PC (i440FX + PIIX, 1996), BIOS rel-1.16.3-0-ga6ed6b701f0a-prebuilt.qemu.org 04/01/2014
[    0.000000] DMI: Memory slots populated: 1/1
[    0.000000] tsc: Fast TSC calibration using PIT
[    0.000000] tsc: Detected 2419.199 MHz processor
[    0.009100] last_pfn = 0x7ffe0 max_arch_pfn = 0x400000000
[    0.010004] MTRR map: 4 entries (3 fixed + 1 variable; max 19), built from 8 variable MTRRs
[    0.010201] x86/PAT: Configuration [0-7]: WB  WC  UC- UC  WB  WP  UC- WT  
[    0.025873] found SMP MP-table at [mem 0x000f5460-0x000f546f]
[    0.031234] ACPI: Early table checksum verification disabled
[    0.031546] ACPI: RSDP 0x00000000000F5280 000014 (v00 BOCHS )
[    0.031804] ACPI: RSDT 0x000000007FFE1CBA 000034 (v01 BOCHS  BXPC     00000001 BXPC 00000001)
[    0.032302] ACPI: FACP 0x000000007FFE1B6E 000074 (v01 BOCHS  BXPC     00000001 BXPC 00000001)
[    0.032913] ACPI: DSDT 0x000000007FFE0040 001B2E (v01 BOCHS  BXPC     00000001 BXPC 00000001)
[    0.032995] ACPI: FACS 0x000000007FFE0000 000040
[    0.033040] ACPI: APIC 0x000000007FFE1BE2 000078 (v03 BOCHS  BXPC     00000001 BXPC 00000001)
[    0.033057] ACPI: HPET 0x000000007FFE1C5A 000038 (v01 BOCHS  BXPC     00000001 BXPC 00000001)
[    0.033072] ACPI: WAET 0x000000007FFE1C92 000028 (v01 BOCHS  BXPC     00000001 BXPC 00000001)
[    0.033142] ACPI: Reserving FACP table memory at [mem 0x7ffe1b6e-0x7ffe1be1]
[    0.033187] ACPI: Reserving DSDT table memory at [mem 0x7ffe0040-0x7ffe1b6d]
[    0.033194] ACPI: Reserving FACS table memory at [mem 0x7ffe0000-0x7ffe003f]
[    0.033198] ACPI: Reserving APIC table memory at [mem 0x7ffe1be2-0x7ffe1c59]
[    0.033203] ACPI: Reserving HPET table memory at [mem 0x7ffe1c5a-0x7ffe1c91]
[    0.033207] ACPI: Reserving WAET table memory at [mem 0x7ffe1c92-0x7ffe1cb9]
[    0.035626] No NUMA configuration found
[    0.035647] Faking a node at [mem 0x0000000000000000-0x000000007ffdffff]
[    0.036270] NODE_DATA(0) allocated [mem 0x7ffdc000-0x7ffdffff]
[    0.038142] Zone ranges:
[    0.038170]   DMA      [mem 0x0000000000001000-0x0000000000ffffff]
[    0.038245]   DMA32    [mem 0x0000000001000000-0x000000007ffdffff]
[    0.038253]   Normal   empty
[    0.038274] Movable zone start for each node
[    0.038298] Early memory node ranges
[    0.038338]   node   0: [mem 0x0000000000001000-0x000000000009efff]
[    0.038620]   node   0: [mem 0x0000000000100000-0x000000007ffdffff]
[    0.038815] Initmem setup node 0 [mem 0x0000000000001000-0x000000007ffdffff]
[    0.039848] On node 0, zone DMA: 1 pages in unavailable ranges
[    0.040020] On node 0, zone DMA: 97 pages in unavailable ranges
[    0.062216] On node 0, zone DMA32: 32 pages in unavailable ranges
[    0.062738] ACPI: PM-Timer IO Port: 0x608
[    0.063095] ACPI: LAPIC_NMI (acpi_id[0xff] dfl dfl lint[0x1])
[    0.063676] IOAPIC[0]: apic_id 0, version 32, address 0xfec00000, GSI 0-23
[    0.063823] ACPI: INT_SRC_OVR (bus 0 bus_irq 0 global_irq 2 dfl dfl)
[    0.064039] ACPI: INT_SRC_OVR (bus 0 bus_irq 5 global_irq 5 high level)
[    0.064087] ACPI: INT_SRC_OVR (bus 0 bus_irq 9 global_irq 9 high level)
[    0.064161] ACPI: INT_SRC_OVR (bus 0 bus_irq 10 global_irq 10 high level)
[    0.064167] ACPI: INT_SRC_OVR (bus 0 bus_irq 11 global_irq 11 high level)
[    0.064329] ACPI: Using ACPI (MADT) for SMP configuration information
[    0.064360] ACPI: HPET id: 0x8086a201 base: 0xfed00000
[    0.064647] CPU topo: Max. logical packages:   1
[    0.064656] CPU topo: Max. logical dies:       1
[    0.064663] CPU topo: Max. dies per package:   1
[    0.064695] CPU topo: Max. threads per core:   1
[    0.064817] CPU topo: Num. cores per package:     1
[    0.064827] CPU topo: Num. threads per package:   1
[    0.064833] CPU topo: Allowing 1 present CPUs plus 0 hotplug CPUs
[    0.065403] PM: hibernation: Registered nosave memory: [mem 0x00000000-0x00000fff]
[    0.065435] PM: hibernation: Registered nosave memory: [mem 0x0009f000-0x0009ffff]
[    0.065458] PM: hibernation: Registered nosave memory: [mem 0x000a0000-0x000effff]
[    0.065463] PM: hibernation: Registered nosave memory: [mem 0x000f0000-0x000fffff]
[    0.065596] [mem 0x80000000-0xfffbffff] available for PCI devices
[    0.065648] Booting paravirtualized kernel on bare hardware
[    0.065934] clocksource: refined-jiffies: mask: 0xffffffff max_cycles: 0xffffffff, max_idle_ns: 1910969940391419 ns
[    0.076895] setup_percpu: NR_CPUS:64 nr_cpumask_bits:1 nr_cpu_ids:1 nr_node_ids:1
[    0.078199] percpu: Embedded 58 pages/cpu s199384 r8192 d29992 u2097152
[    0.080398] Kernel command line: root=/dev/root ro rootfstype=9p rootflags=trans=virtio console=ttyS0 init=/bin/sh
[    0.081948] Dentry cache hash table entries: 262144 (order: 9, 2097152 bytes, linear)
[    0.082282] Inode-cache hash table entries: 131072 (order: 8, 1048576 bytes, linear)
[    0.085012] Fallback order for Node 0: 0 
[    0.085490] Built 1 zonelists, mobility grouping on.  Total pages: 524158
[    0.085512] Policy zone: DMA32
[    0.085796] mem auto-init: stack:off, heap alloc:off, heap free:off
[    0.095947] Memory: 2016528K/2096632K available (20480K kernel code, 3086K rwdata, 7736K rodata, 2848K init, 2504K bss, 79844K reserved, 0K cma-reserved)
[    0.099922] SLUB: HWalign=64, Order=0-3, MinObjects=0, CPUs=1, Nodes=1
[    0.111380] Dynamic Preempt: voluntary
[    0.115219] rcu: Preemptible hierarchical RCU implementation.
[    0.115236] rcu: 	RCU event tracing is enabled.
[    0.115259] rcu: 	RCU restricting CPUs from NR_CPUS=64 to nr_cpu_ids=1.
[    0.115387] 	Trampoline variant of Tasks RCU enabled.
[    0.115394] 	Tracing variant of Tasks RCU enabled.
[    0.115471] rcu: RCU calculated value of scheduler-enlistment delay is 100 jiffies.
[    0.115493] rcu: Adjusting geometry for rcu_fanout_leaf=16, nr_cpu_ids=1
[    0.116376] RCU Tasks: Setting shift to 0 and lim to 1 rcu_task_cb_adjust=1.
[    0.116405] RCU Tasks Trace: Setting shift to 0 and lim to 1 rcu_task_cb_adjust=1.
[    0.128660] NR_IRQS: 4352, nr_irqs: 256, preallocated irqs: 16
[    0.137198] rcu: srcu_init: Setting srcu_struct sizes based on contention.
[    0.142213] Console: colour VGA+ 80x25
[    0.143560] printk: legacy console [ttyS0] enabled
[    0.151829] ACPI: Core revision 20240322
[    0.157580] clocksource: hpet: mask: 0xffffffff max_cycles: 0xffffffff, max_idle_ns: 19112604467 ns
[    0.164094] APIC: Switch to symmetric I/O mode setup
[    0.168317] ..TIMER: vector=0x30 apic1=0 pin1=2 apic2=-1 pin2=-1
[    0.173568] clocksource: tsc-early: mask: 0xffffffffffffffff max_cycles: 0x22df101993e, max_idle_ns: 440795226575 ns
[    0.174072] Calibrating delay loop (skipped), value calculated using timer frequency.. 4838.39 BogoMIPS (lpj=2419199)
[    0.177904] Last level iTLB entries: 4KB 512, 2MB 255, 4MB 127
[    0.178024] Last level dTLB entries: 4KB 512, 2MB 255, 4MB 127, 1GB 0
[    0.178497] Spectre V1 : Mitigation: usercopy/swapgs barriers and __user pointer sanitization
[    0.178737] Spectre V2 : Mitigation: Retpolines
[    0.178817] Spectre V2 : Spectre v2 / SpectreRSB mitigation: Filling RSB on context switch
[    0.178846] Spectre V2 : Spectre v2 / SpectreRSB : Filling RSB on VMEXIT
[    0.182139] x86/fpu: x87 FPU will use FXSAVE
[    0.488580] Freeing SMP alternatives memory: 52K
[    0.489217] pid_max: default: 32768 minimum: 301
[    0.493452] LSM: initializing lsm=capability,selinux,bpf
[    0.494138] SELinux:  Initializing.
[    0.494917] LSM support for eBPF active
[    0.500305] Mount-cache hash table entries: 4096 (order: 3, 32768 bytes, linear)
[    0.500623] Mountpoint-cache hash table entries: 4096 (order: 3, 32768 bytes, linear)
[    0.630817] smpboot: CPU0: AMD QEMU Virtual CPU version 2.5+ (family: 0xf, model: 0x6b, stepping: 0x1)
[    0.639759] Performance Events: PMU not available due to virtualization, using software events only.
[    0.640508] signal: max sigframe size: 1440
[    0.641401] rcu: Hierarchical SRCU implementation.
[    0.641507] rcu: 	Max phase no-delay instances is 400.
[    0.649706] smp: Bringing up secondary CPUs ...
[    0.652389] smp: Brought up 1 node, 1 CPU
[    0.652746] smpboot: Total of 1 processors activated (4838.39 BogoMIPS)
[    0.668296] devtmpfs: initialized
[    0.680128] clocksource: jiffies: mask: 0xffffffff max_cycles: 0xffffffff, max_idle_ns: 1911260446275000 ns
[    0.680659] futex hash table entries: 256 (order: 2, 16384 bytes, linear)
[    0.685958] PM: RTC time: 05:30:27, date: 2024-08-07
[    0.696589] NET: Registered PF_NETLINK/PF_ROUTE protocol family
[    0.699817] audit: initializing netlink subsys (disabled)
[    0.703242] audit: type=2000 audit(1723008626.539:1): state=initialized audit_enabled=0 res=1
[    0.706817] thermal_sys: Registered thermal governor 'step_wise'
[    0.706817] thermal_sys: Registered thermal governor 'user_space'
[    0.707910] cpuidle: using governor menu
[    0.711378] PCI: Using configuration type 1 for base access
[    0.713262] kprobes: kprobe jump-optimization is enabled. All kprobes are optimized if possible.
[    0.721305] HugeTLB: registered 2.00 MiB page size, pre-allocated 0 pages
[    0.721396] HugeTLB: 28 KiB vmemmap can be freed for a 2.00 MiB page
[    0.723971] Demotion targets for Node 0: null
[    0.730833] ACPI: Added _OSI(Module Device)
[    0.733041] ACPI: Added _OSI(Processor Device)
[    0.733153] ACPI: Added _OSI(3.0 _SCP Extensions)
[    0.733210] ACPI: Added _OSI(Processor Aggregator Device)
[    0.753825] ACPI: 1 ACPI AML tables successfully acquired and loaded
[    0.785682] ACPI: Interpreter enabled
[    0.789207] ACPI: PM: (supports S0 S3 S4 S5)
[    0.789284] ACPI: Using IOAPIC for interrupt routing
[    0.789607] PCI: Using host bridge windows from ACPI; if necessary, use "pci=nocrs" and report a bug
[    0.789708] PCI: Using E820 reservations for host bridge windows
[    0.790917] ACPI: Enabled 2 GPEs in block 00 to 0F
[    0.843538] ACPI: PCI Root Bridge [PCI0] (domain 0000 [bus 00-ff])
[    0.844261] acpi PNP0A03:00: _OSC: OS supports [ASPM ClockPM Segments MSI HPX-Type3]
[    0.844495] acpi PNP0A03:00: _OSC: not requesting OS control; OS requires [ExtendedConfig ASPM ClockPM MSI]
[    0.845364] acpi PNP0A03:00: fail to add MMCONFIG information, can't access extended configuration space under this bridge
[    0.848980] PCI host bridge to bus 0000:00
[    0.849178] pci_bus 0000:00: root bus resource [io  0x0000-0x0cf7 window]
[    0.849557] pci_bus 0000:00: root bus resource [io  0x0d00-0xffff window]
[    0.849642] pci_bus 0000:00: root bus resource [mem 0x000a0000-0x000bffff window]
[    0.851635] pci_bus 0000:00: root bus resource [mem 0x80000000-0xfebfffff window]
[    0.851703] pci_bus 0000:00: root bus resource [mem 0x100000000-0x17fffffff window]
[    0.851901] pci_bus 0000:00: root bus resource [bus 00-ff]
[    0.864987] pci 0000:00:00.0: [8086:1237] type 00 class 0x060000 conventional PCI endpoint
[    0.869317] pci 0000:00:01.0: [8086:7000] type 00 class 0x060100 conventional PCI endpoint
[    0.869974] pci 0000:00:01.1: [8086:7010] type 00 class 0x010180 conventional PCI endpoint
[    0.871885] pci 0000:00:01.1: BAR 4 [io  0xc0a0-0xc0af]
[    0.872607] pci 0000:00:01.1: BAR 0 [io  0x01f0-0x01f7]: legacy IDE quirk
[    0.872693] pci 0000:00:01.1: BAR 1 [io  0x03f6]: legacy IDE quirk
[    0.872770] pci 0000:00:01.1: BAR 2 [io  0x0170-0x0177]: legacy IDE quirk
[    0.872817] pci 0000:00:01.1: BAR 3 [io  0x0376]: legacy IDE quirk
[    0.873301] pci 0000:00:01.2: [8086:7020] type 00 class 0x0c0300 conventional PCI endpoint
[    0.874837] pci 0000:00:01.2: BAR 4 [io  0xc080-0xc09f]
[    0.886711] pci 0000:00:01.3: [8086:7113] type 00 class 0x068000 conventional PCI endpoint
[    0.887189] pci 0000:00:01.3: quirk: [io  0x0600-0x063f] claimed by PIIX4 ACPI
[    0.887342] pci 0000:00:01.3: quirk: [io  0x0700-0x070f] claimed by PIIX4 SMB
[    0.888327] pci 0000:00:02.0: [1234:1111] type 00 class 0x030000 conventional PCI endpoint
[    0.888836] pci 0000:00:02.0: BAR 0 [mem 0xfd000000-0xfdffffff pref]
[    0.889838] pci 0000:00:02.0: BAR 2 [mem 0xfebf4000-0xfebf4fff]
[    0.892380] pci 0000:00:02.0: ROM [mem 0xfebe0000-0xfebeffff pref]
[    0.899750] pci 0000:00:02.0: Video device with shadowed ROM at [mem 0x000c0000-0x000dffff]
[    0.900284] pci 0000:00:03.0: [8086:100e] type 00 class 0x020000 conventional PCI endpoint
[    0.900817] pci 0000:00:03.0: BAR 0 [mem 0xfebc0000-0xfebdffff]
[    0.901106] pci 0000:00:03.0: BAR 1 [io  0xc000-0xc03f]
[    0.905134] pci 0000:00:03.0: ROM [mem 0xfeb80000-0xfebbffff pref]
[    0.921930] pci 0000:00:04.0: [1b36:000d] type 00 class 0x0c0330 conventional PCI endpoint
[    0.922594] pci 0000:00:04.0: BAR 0 [mem 0xfebf0000-0xfebf3fff 64bit]
[    0.937045] pci 0000:00:05.0: [1af4:1009] type 00 class 0x000200 conventional PCI endpoint
[    0.937854] pci 0000:00:05.0: BAR 0 [io  0xc040-0xc07f]
[    0.939750] pci 0000:00:05.0: BAR 1 [mem 0xfebf5000-0xfebf5fff]
[    0.941842] pci 0000:00:05.0: BAR 4 [mem 0xfe000000-0xfe003fff 64bit pref]
[    0.957656] ACPI: PCI: Interrupt link LNKA configured for IRQ 10
[    0.958538] ACPI: PCI: Interrupt link LNKB configured for IRQ 10
[    0.967040] ACPI: PCI: Interrupt link LNKC configured for IRQ 11
[    0.967388] ACPI: PCI: Interrupt link LNKD configured for IRQ 11
[    0.967591] ACPI: PCI: Interrupt link LNKS configured for IRQ 9
[    0.970399] iommu: Default domain type: Translated
[    0.970512] iommu: DMA domain TLB invalidation policy: lazy mode
[    0.971460] SCSI subsystem initialized
[    0.973135] ACPI: bus type USB registered
[    0.973488] usbcore: registered new interface driver usbfs
[    0.973879] usbcore: registered new interface driver hub
[    0.974082] usbcore: registered new device driver usb
[    0.974436] mc: Linux media interface: v0.10
[    0.974661] videodev: Linux video capture interface: v2.00
[    0.983303] pps_core: LinuxPPS API ver. 1 registered
[    0.983497] pps_core: Software ver. 5.3.6 - Copyright 2005-2007 Rodolfo Giometti <giometti@linux.it>
[    0.983751] PTP clock support registered
[    0.987216] Advanced Linux Sound Architecture Driver Initialized.
[    1.010435] NetLabel: Initializing
[    1.010529] NetLabel:  domain hash size = 128
[    1.010607] NetLabel:  protocols = UNLABELED CIPSOv4 CALIPSO
[    1.011558] NetLabel:  unlabeled traffic allowed by default
[    1.025272] PCI: Using ACPI for IRQ routing
[    1.027817] pci 0000:00:02.0: vgaarb: setting as boot VGA device
[    1.027817] pci 0000:00:02.0: vgaarb: bridge control possible
[    1.027817] pci 0000:00:02.0: vgaarb: VGA device added: decodes=io+mem,owns=io+mem,locks=none
[    1.027882] vgaarb: loaded
[    1.029971] hpet: 3 channels of 0 reserved for per-cpu timers
[    1.030306] hpet0: at MMIO 0xfed00000, IRQs 2, 8, 0
[    1.030476] hpet0: 3 comparators, 64-bit 100.000000 MHz counter
[    1.042745] clocksource: Switched to clocksource tsc-early
[    1.045643] VFS: Disk quotas dquot_6.6.0
[    1.045811] VFS: Dquot-cache hash table entries: 512 (order 0, 4096 bytes)
[    1.048178] pnp: PnP ACPI init
[    1.058503] pnp: PnP ACPI: found 6 devices
[    1.093041] clocksource: acpi_pm: mask: 0xffffff max_cycles: 0xffffff, max_idle_ns: 2085701024 ns
[    1.103488] NET: Registered PF_INET protocol family
[    1.106403] IP idents hash table entries: 32768 (order: 6, 262144 bytes, linear)
[    1.118035] tcp_listen_portaddr_hash hash table entries: 1024 (order: 2, 16384 bytes, linear)
[    1.118232] Table-perturb hash table entries: 65536 (order: 6, 262144 bytes, linear)
[    1.118365] TCP established hash table entries: 16384 (order: 5, 131072 bytes, linear)
[    1.118656] TCP bind hash table entries: 16384 (order: 7, 524288 bytes, linear)
[    1.118972] TCP: Hash tables configured (established 16384 bind 16384)
[    1.119700] UDP hash table entries: 1024 (order: 3, 32768 bytes, linear)
[    1.119933] UDP-Lite hash table entries: 1024 (order: 3, 32768 bytes, linear)
[    1.121083] NET: Registered PF_UNIX/PF_LOCAL protocol family
[    1.128776] RPC: Registered named UNIX socket transport module.
[    1.128886] RPC: Registered udp transport module.
[    1.128925] RPC: Registered tcp transport module.
[    1.128962] RPC: Registered tcp-with-tls transport module.
[    1.129007] RPC: Registered tcp NFSv4.1 backchannel transport module.
[    1.131880] pci_bus 0000:00: resource 4 [io  0x0000-0x0cf7 window]
[    1.132033] pci_bus 0000:00: resource 5 [io  0x0d00-0xffff window]
[    1.132142] pci_bus 0000:00: resource 6 [mem 0x000a0000-0x000bffff window]
[    1.132375] pci_bus 0000:00: resource 7 [mem 0x80000000-0xfebfffff window]
[    1.132479] pci_bus 0000:00: resource 8 [mem 0x100000000-0x17fffffff window]
[    1.140318] pci 0000:00:01.0: PIIX3: Enabling Passive Release
[    1.140464] pci 0000:00:00.0: Limiting direct PCI/PCI transfers
[    1.303727] ACPI: \_SB_.LNKD: Enabled at IRQ 11
[    1.477672] pci 0000:00:01.2: quirk_usb_early_handoff+0x0/0x7a0 took 329158 usecs
[    1.714578] pci 0000:00:04.0: quirk_usb_early_handoff+0x0/0x7a0 took 230809 usecs
[    1.714833] PCI: CLS 0 bytes, default 64
[    1.723629] Initialise system trusted keyrings
[    1.725054] workingset: timestamp_bits=56 max_order=19 bucket_order=0
[    1.727850] NFS: Registering the id_resolver key type
[    1.728238] Key type id_resolver registered
[    1.728369] Key type id_legacy registered
[    1.729092] 9p: Installing v9fs 9p2000 file system support
[    1.784247] Key type asymmetric registered
[    1.784695] Asymmetric key parser 'x509' registered
[    1.785116] Block layer SCSI generic (bsg) driver version 0.4 loaded (major 250)
[    1.785625] io scheduler mq-deadline registered
[    1.785716] io scheduler kyber registered
[    1.788585] input: Power Button as /devices/LNXSYSTM:00/LNXPWRBN:00/input/input0
[    1.792222] ACPI: button: Power Button [PWRF]
[    1.879543] ACPI: \_SB_.LNKA: Enabled at IRQ 10
[    1.882662] Serial: 8250/16550 driver, 4 ports, IRQ sharing enabled
[    1.885927] 00:04: ttyS0 at I/O 0x3f8 (irq = 4, base_baud = 115200) is a 16550A
[    1.890700] Non-volatile memory driver v1.3
[    1.890990] Linux agpgart interface v0.103
[    1.893481] ACPI: bus type drm_connector registered
[    1.912029] loop: module loaded
[    1.919454] scsi host0: ata_piix
[    1.921002] scsi host1: ata_piix
[    1.921441] ata1: PATA max MWDMA2 cmd 0x1f0 ctl 0x3f6 bmdma 0xc0a0 irq 14 lpm-pol 0
[    1.921612] ata2: PATA max MWDMA2 cmd 0x170 ctl 0x376 bmdma 0xc0a8 irq 15 lpm-pol 0
[    1.928576] e100: Intel(R) PRO/100 Network Driver
[    1.928666] e100: Copyright(c) 1999-2006 Intel Corporation
[    1.928787] e1000: Intel(R) PRO/1000 Network Driver
[    1.928843] e1000: Copyright (c) 1999-2006 Intel Corporation.
[    2.006305] ACPI: \_SB_.LNKC: Enabled at IRQ 11
[    2.083938] ata2: found unknown device (class 0)
[    2.091881] ata2.00: ATAPI: QEMU DVD-ROM, 2.5+, max UDMA/100
[    2.113176] scsi 1:0:0:0: CD-ROM            QEMU     QEMU DVD-ROM     2.5+ PQ: 0 ANSI: 5
[    2.143100] sr 1:0:0:0: [sr0] scsi3-mmc drive: 4x/4x cd/rw xa/form2 tray
[    2.143415] cdrom: Uniform CD-ROM driver Revision: 3.20
[    2.159744] sr 1:0:0:0: Attached scsi generic sg0 type 5
[    2.332599] e1000 0000:00:03.0 eth0: (PCI:33MHz:32-bit) 52:54:00:12:34:56
[    2.332988] e1000 0000:00:03.0 eth0: Intel(R) PRO/1000 Network Connection
[    2.333492] e1000e: Intel(R) PRO/1000 Network Driver
[    2.333551] e1000e: Copyright(c) 1999 - 2015 Intel Corporation.
[    2.333649] sky2: driver version 1.30
[    2.410672] uhci_hcd 0000:00:01.2: UHCI Host Controller
[    2.411956] uhci_hcd 0000:00:01.2: new USB bus registered, assigned bus number 1
[    2.412462] usb (null): enable endpoint
[    2.412811] uhci_hcd 0000:00:01.2: detected 2 ports
[    2.413601] uhci_hcd 0000:00:01.2: irq 11, io port 0x0000c080
[    2.417590] usb usb1: New USB device found, idVendor=1d6b, idProduct=0001, bcdDevice= 6.10
[    2.417767] usb usb1: New USB device strings: Mfr=3, Product=2, SerialNumber=1
[    2.417878] usb usb1: Product: UHCI Host Controller
[    2.417953] usb usb1: Manufacturer: Linux 6.10.0 uhci_hcd
[    2.418026] usb usb1: SerialNumber: 0000:00:01.2
[    2.419022] usb usb1: set configuration 1
[    2.419388] usb usb1: enable endpoint
[    2.420367] hub 1-0:1.0: USB hub found
[    2.420792] hub 1-0:1.0: 2 ports detected
[    2.497184] xhci_hcd 0000:00:04.0: xHCI Host Controller
[    2.498345] xhci_hcd 0000:00:04.0: new USB bus registered, assigned bus number 2
[    2.498445] usb (null): enable endpoint
[    2.499454] xhci_hcd 0000:00:04.0: xhci_reset
[    2.501389] xhci_hcd 0000:00:04.0: hcc params 0x00087001 hci version 0x100 quirks 0x0000000000000010
[    2.506811] xhci_hcd 0000:00:04.0: xHCI Host Controller
[    2.507039] xhci_hcd 0000:00:04.0: new USB bus registered, assigned bus number 3
[    2.507424] usb (null): enable endpoint
[    2.507593] xhci_hcd 0000:00:04.0: Host supports USB 3.0 SuperSpeed
[    2.507854] xhci_hcd 0000:00:04.0: xhci_start
[    2.508427] usb usb2: New USB device found, idVendor=1d6b, idProduct=0002, bcdDevice= 6.10
[    2.508580] usb usb2: New USB device strings: Mfr=3, Product=2, SerialNumber=1
[    2.508756] usb usb2: Product: xHCI Host Controller
[    2.508871] usb usb2: Manufacturer: Linux 6.10.0 xhci-hcd
[    2.509131] usb usb2: SerialNumber: 0000:00:04.0
[    2.509920] usb usb2: set configuration 1
[    2.510275] usb usb2: enable endpoint
[    2.510466] xhci_hcd 0000:00:04.0: xhci_endpoint_reset
[    2.510771] hub 2-0:1.0: USB hub found
[    2.511089] hub 2-0:1.0: 4 ports detected
[    2.513494] usb usb3: We don't know the algorithms for LPM for this host, disabling LPM.
[    2.513951] usb usb3: New USB device found, idVendor=1d6b, idProduct=0003, bcdDevice= 6.10
[    2.514055] usb usb3: New USB device strings: Mfr=3, Product=2, SerialNumber=1
[    2.514227] usb usb3: Product: xHCI Host Controller
[    2.514296] usb usb3: Manufacturer: Linux 6.10.0 xhci-hcd
[    2.514368] usb usb3: SerialNumber: 0000:00:04.0
[    2.514883] usb usb3: set configuration 1
[    2.514965] usb usb3: enable endpoint
[    2.515026] xhci_hcd 0000:00:04.0: xhci_endpoint_reset
[    2.515440] hub 3-0:1.0: USB hub found
[    2.515734] hub 3-0:1.0: 4 ports detected
[    2.517543] usbcore: registered new interface driver usblp
[    2.517694] usbcore: registered new interface driver cdc_wdm
[    2.517848] usbcore: registered new interface driver usbtmc
[    2.518253] usbcore: registered new interface driver usb-storage
[    2.518603] usbcore: registered new interface driver usbtest
[    2.519455] i8042: PNP: PS/2 Controller [PNP0303:KBD,PNP0f13:MOU] at 0x60,0x64 irq 1,12
[    2.522615] serio: i8042 KBD port at 0x60,0x64 irq 1
[    2.522843] serio: i8042 AUX port at 0x60,0x64 irq 12
[    2.523947] mousedev: PS/2 mouse device common for all mice
[    2.526357] usbcore: registered new interface driver synaptics_usb
[    2.526636] rtc_cmos 00:05: RTC can wake from S4
[    2.528745] input: AT Translated Set 2 keyboard as /devices/platform/i8042/serio0/input/input1
[    2.532164] rtc_cmos 00:05: registered as rtc0
[    2.533862] rtc_cmos 00:05: alarms up to one day, y3k, 242 bytes nvram, hpet irqs
[    2.535441] usbcore: registered new interface driver uvcvideo
[    2.535594] fail to initialize ptp_kvm
[    2.537713] device-mapper: ioctl: 4.48.0-ioctl (2023-03-01) initialised: dm-devel@lists.linux.dev
[    2.538531] amd_pstate: the _CPC object is not present in SBIOS or ACPI disabled
[    2.538984] hid: raw HID events driver (C) Jiri Kosina
[    2.541465] usbcore: registered new interface driver usbhid
[    2.541652] usbhid: USB HID core driver
[    2.551743] Initializing XFRM netlink socket
[    2.552671] NET: Registered PF_INET6 protocol family
[    2.560997] Segment Routing with IPv6
[    2.561134] In-situ OAM (IOAM) with IPv6
[    2.562570] sit: IPv6, IPv4 and MPLS over IPv4 tunneling driver
[    2.566041] NET: Registered PF_PACKET protocol family
[    2.567770] 9pnet: Installing 9P2000 support
[    2.570983] Key type dns_resolver registered
[    2.572937] IPI shorthand broadcast: enabled
[    2.588660] sched_clock: Marking stable (2564087663, 24060212)->(2595772564, -7624689)
[    2.590810] registered taskstats version 1
[    2.591876] Loading compiled-in X.509 certificates
[    2.599670] Demotion targets for Node 0: null
[    2.602804] PM:   Magic number: 4:543:516
[    2.603545] printk: legacy console [netcon0] enabled
[    2.603657] netconsole: network logging started
[    2.605464] cfg80211: Loading compiled-in X.509 certificates for regulatory database
[    2.613987] kworker/u4:0 (48) used greatest stack depth: 14512 bytes left
[    2.623996] Loaded X.509 cert 'sforshee: 00b28ddf47aef9cea7'
[    2.624886] Loaded X.509 cert 'wens: 61c038651aabdcf94bd0ac7ff06c7248db18c600'
[    2.629026] ALSA device list:
[    2.629500]   No soundcards found.
[    2.631516] platform regulatory.0: Direct firmware load for regulatory.db failed with error -2
[    2.631795] cfg80211: failed to load regulatory.db
[    2.754593] tsc: Refined TSC clocksource calibration: 2419.201 MHz
[    2.755408] clocksource: tsc: mask: 0xffffffffffffffff max_cycles: 0x22df11e194f, max_idle_ns: 440795284480 ns
[    2.755681] clocksource: Switched to clocksource tsc
[    3.164885] input: ImExPS/2 Generic Explorer Mouse as /devices/platform/i8042/serio1/input/input3
[    3.166250] md: Waiting for all devices to be available before autodetect
[    3.166438] md: If you don't use raid, use raid=noautodetect
[    3.166552] md: Autodetecting RAID arrays.
[    3.166635] md: autorun ...
[    3.166718] md: ... autorun DONE.
[    3.173750] VFS: Mounted root (9p filesystem) readonly on device 0:19.
[    3.176489] devtmpfs: mounted
[    3.230656] Freeing unused kernel image (initmem) memory: 2848K
[    3.231019] Write protecting the kernel read-only data: 28672k
[    3.231804] Freeing unused kernel image (rodata/data gap) memory: 456K
[    3.346618] x86/mm: Checked W+X mappings: passed, no W+X pages found.
[    3.347011] Run /bin/sh as init process
/bin/sh: 0: can't access tty; job control turned off
# ls /dev
autofs		 loop3	 snapshot  tty19  tty32  tty46	tty6	 usbmon2
bsg		 loop4	 snd	   tty2   tty33  tty47	tty60	 usbmon3
bus		 loop5	 sr0	   tty20  tty34  tty48	tty61	 vcs
console		 loop6	 tty	   tty21  tty35  tty49	tty62	 vcs1
cpu		 loop7	 tty0	   tty22  tty36  tty5	tty63	 vcsa
cpu_dma_latency  mapper  tty1	   tty23  tty37  tty50	tty7	 vcsa1
full		 mem	 tty10	   tty24  tty38  tty51	tty8	 vcsu
hpet		 null	 tty11	   tty25  tty39  tty52	tty9	 vcsu1
hwrng		 nvram	 tty12	   tty26  tty4	 tty53	ttyS0	 vga_arbiter
input		 port	 tty13	   tty27  tty40  tty54	ttyS1	 zero
kmsg		 ptmx	 tty14	   tty28  tty41  tty55	ttyS2
loop-control	 random  tty15	   tty29  tty42  tty56	ttyS3
loop0		 rfkill  tty16	   tty3   tty43  tty57	urandom
loop1		 rtc0	 tty17	   tty30  tty44  tty58	usbmon0
loop2		 sg0	 tty18	   tty31  tty45  tty59	usbmon1
[    8.554754] ls (53) used greatest stack depth: 13544 bytes left
# [   15.915040] xhci_hcd 0000:00:04.0: dump trb:
[   15.915139] xhci_hcd 0000:00:04.0: 0
[   15.915173] xhci_hcd 0000:00:04.0: 0
[   15.915199] xhci_hcd 0000:00:04.0: 0
[   15.915281] xhci_hcd 0000:00:04.0: 2401
[   15.916522] usb (null): enable endpoint
[   16.032049] xhci_hcd 0000:00:04.0: reset device
[   16.032981] usb 2-1: new high-speed USB device number 2 using xhci_hcd
[   16.033631] xhci_hcd 0000:00:04.0: xhci_setup_device
[   16.034612] xhci_hcd 0000:00:04.0: dump trb:
[   16.034727] xhci_hcd 0000:00:04.0: 1fce000
[   16.034801] xhci_hcd 0000:00:04.0: 0
[   16.034853] xhci_hcd 0000:00:04.0: 0
[   16.034903] xhci_hcd 0000:00:04.0: 1002e01
[   16.036635] xhci_hcd 0000:00:04.0: dump trb:
[   16.036723] xhci_hcd 0000:00:04.0: 1000680
[   16.036797] xhci_hcd 0000:00:04.0: 400000
[   16.036867] xhci_hcd 0000:00:04.0: 8
[   16.036926] xhci_hcd 0000:00:04.0: 30840
[   16.037099] xhci_hcd 0000:00:04.0: dump trb:
[   16.037174] xhci_hcd 0000:00:04.0: 1fd9340
[   16.037221] xhci_hcd 0000:00:04.0: 0
[   16.037266] xhci_hcd 0000:00:04.0: 40
[   16.037316] xhci_hcd 0000:00:04.0: 10c05
[   16.037396] xhci_hcd 0000:00:04.0: dump trb:
[   16.037450] xhci_hcd 0000:00:04.0: 0
[   16.037483] xhci_hcd 0000:00:04.0: 0
[   16.037511] xhci_hcd 0000:00:04.0: 0
[   16.037540] xhci_hcd 0000:00:04.0: 1021
[   16.153698] xhci_hcd 0000:00:04.0: reset device
[   16.154143] xhci_hcd 0000:00:04.0: dump trb:
[   16.154662] xhci_hcd 0000:00:04.0: 0
[   16.154815] xhci_hcd 0000:00:04.0: 0
[   16.154904] xhci_hcd 0000:00:04.0: 0
[   16.155003] xhci_hcd 0000:00:04.0: 1004401
[   16.156056] xhci_hcd 0000:00:04.0: xhci_setup_device
[   16.156469] xhci_hcd 0000:00:04.0: dump trb:
[   16.156606] xhci_hcd 0000:00:04.0: 1fce000
[   16.156741] xhci_hcd 0000:00:04.0: 0
[   16.156823] xhci_hcd 0000:00:04.0: 0
[   16.156896] xhci_hcd 0000:00:04.0: 1002c01
[   16.157390] usb 2-1: enable endpoint
[   16.157504] xhci_hcd 0000:00:04.0: xhci_endpoint_reset
[   16.169476] xhci_hcd 0000:00:04.0: dump trb:
[   16.169557] xhci_hcd 0000:00:04.0: 1000680
[   16.169600] xhci_hcd 0000:00:04.0: 120000
[   16.169638] xhci_hcd 0000:00:04.0: 8
[   16.169671] xhci_hcd 0000:00:04.0: 30840
[   16.169714] xhci_hcd 0000:00:04.0: dump trb:
[   16.169761] xhci_hcd 0000:00:04.0: 1de0a60
[   16.169807] xhci_hcd 0000:00:04.0: 0
[   16.169850] xhci_hcd 0000:00:04.0: 12
[   16.169918] xhci_hcd 0000:00:04.0: 10c05
[   16.170014] xhci_hcd 0000:00:04.0: dump trb:
[   16.170097] xhci_hcd 0000:00:04.0: 0
[   16.170309] xhci_hcd 0000:00:04.0: 0
[   16.170376] xhci_hcd 0000:00:04.0: 0
[   16.170417] xhci_hcd 0000:00:04.0: 1021
[   16.171840] xhci_hcd 0000:00:04.0: dump trb:
[   16.171909] xhci_hcd 0000:00:04.0: 2000680
[   16.171945] xhci_hcd 0000:00:04.0: 90000
[   16.171976] xhci_hcd 0000:00:04.0: 8
[   16.172004] xhci_hcd 0000:00:04.0: 30840
[   16.172038] xhci_hcd 0000:00:04.0: dump trb:
[   16.172077] xhci_hcd 0000:00:04.0: 1f2fbe0
[   16.172128] xhci_hcd 0000:00:04.0: 0
[   16.172340] xhci_hcd 0000:00:04.0: 9
[   16.172419] xhci_hcd 0000:00:04.0: 10c05
[   16.172506] xhci_hcd 0000:00:04.0: dump trb:
[   16.172588] xhci_hcd 0000:00:04.0: 0
[   16.172662] xhci_hcd 0000:00:04.0: 0
[   16.172731] xhci_hcd 0000:00:04.0: 0
[   16.172814] xhci_hcd 0000:00:04.0: 1021
[   16.174073] xhci_hcd 0000:00:04.0: dump trb:
[   16.174184] xhci_hcd 0000:00:04.0: 2000680
[   16.174272] xhci_hcd 0000:00:04.0: 2b90000
[   16.174356] xhci_hcd 0000:00:04.0: 8
[   16.174438] xhci_hcd 0000:00:04.0: 30840
[   16.174521] xhci_hcd 0000:00:04.0: dump trb:
[   16.174603] xhci_hcd 0000:00:04.0: 1d45000
[   16.174685] xhci_hcd 0000:00:04.0: 0
[   16.174726] xhci_hcd 0000:00:04.0: 2b9
[   16.174784] xhci_hcd 0000:00:04.0: 10c05
[   16.174854] xhci_hcd 0000:00:04.0: dump trb:
[   16.174919] xhci_hcd 0000:00:04.0: 0
[   16.174976] xhci_hcd 0000:00:04.0: 0
[   16.175030] xhci_hcd 0000:00:04.0: 0
[   16.175092] xhci_hcd 0000:00:04.0: 1021
[   16.196635] xhci_hcd 0000:00:04.0: dump trb:
[   16.196722] xhci_hcd 0000:00:04.0: 3000680
[   16.196761] xhci_hcd 0000:00:04.0: ff0000
[   16.196796] xhci_hcd 0000:00:04.0: 8
[   16.196844] xhci_hcd 0000:00:04.0: 30840
[   16.196906] xhci_hcd 0000:00:04.0: dump trb:
[   16.196952] xhci_hcd 0000:00:04.0: 1fd5000
[   16.196993] xhci_hcd 0000:00:04.0: 0
[   16.197029] xhci_hcd 0000:00:04.0: ff
[   16.197070] xhci_hcd 0000:00:04.0: 10c05
[   16.197112] xhci_hcd 0000:00:04.0: dump trb:
[   16.197158] xhci_hcd 0000:00:04.0: 0
[   16.197197] xhci_hcd 0000:00:04.0: 0
[   16.197237] xhci_hcd 0000:00:04.0: 0
[   16.197279] xhci_hcd 0000:00:04.0: 1021
[   16.198456] xhci_hcd 0000:00:04.0: dump trb:
[   16.198529] xhci_hcd 0000:00:04.0: 3010680
[   16.198603] xhci_hcd 0000:00:04.0: ff0409
[   16.198671] xhci_hcd 0000:00:04.0: 8
[   16.198732] xhci_hcd 0000:00:04.0: 30840
[   16.198806] xhci_hcd 0000:00:04.0: dump trb:
[   16.198882] xhci_hcd 0000:00:04.0: 1fd5000
[   16.198959] xhci_hcd 0000:00:04.0: 0
[   16.199063] xhci_hcd 0000:00:04.0: ff
[   16.199147] xhci_hcd 0000:00:04.0: 10c05
[   16.199412] xhci_hcd 0000:00:04.0: dump trb:
[   16.199515] xhci_hcd 0000:00:04.0: 0
[   16.199592] xhci_hcd 0000:00:04.0: 0
[   16.199668] xhci_hcd 0000:00:04.0: 0
[   16.199765] xhci_hcd 0000:00:04.0: 1021
[   16.201678] xhci_hcd 0000:00:04.0: dump trb:
[   16.201750] xhci_hcd 0000:00:04.0: 3020680
[   16.201807] xhci_hcd 0000:00:04.0: ff0409
[   16.201869] xhci_hcd 0000:00:04.0: 8
[   16.201927] xhci_hcd 0000:00:04.0: 30840
[   16.202001] xhci_hcd 0000:00:04.0: dump trb:
[   16.202065] xhci_hcd 0000:00:04.0: 1fd5000
[   16.202129] xhci_hcd 0000:00:04.0: 0
[   16.202243] xhci_hcd 0000:00:04.0: ff
[   16.202313] xhci_hcd 0000:00:04.0: 10c05
[   16.202382] xhci_hcd 0000:00:04.0: dump trb:
[   16.202441] xhci_hcd 0000:00:04.0: 0
[   16.202500] xhci_hcd 0000:00:04.0: 0
[   16.202555] xhci_hcd 0000:00:04.0: 0
[   16.202592] xhci_hcd 0000:00:04.0: 1021
[   16.203625] xhci_hcd 0000:00:04.0: dump trb:
[   16.203683] xhci_hcd 0000:00:04.0: 3030680
[   16.203735] xhci_hcd 0000:00:04.0: ff0409
[   16.203784] xhci_hcd 0000:00:04.0: 8
[   16.203835] xhci_hcd 0000:00:04.0: 30840
[   16.203886] xhci_hcd 0000:00:04.0: dump trb:
[   16.203936] xhci_hcd 0000:00:04.0: 1fd5000
[   16.203992] xhci_hcd 0000:00:04.0: 0
[   16.204044] xhci_hcd 0000:00:04.0: ff
[   16.204099] xhci_hcd 0000:00:04.0: 10c05
[   16.204155] xhci_hcd 0000:00:04.0: dump trb:
[   16.204253] xhci_hcd 0000:00:04.0: 0
[   16.204307] xhci_hcd 0000:00:04.0: 0
[   16.204362] xhci_hcd 0000:00:04.0: 0
[   16.204421] xhci_hcd 0000:00:04.0: 1021
[   16.205596] usb 2-1: New USB device found, idVendor=328f, idProduct=0073, bcdDevice= 1.00
[   16.205678] usb 2-1: New USB device strings: Mfr=2, Product=1, SerialNumber=3
[   16.205750] usb 2-1: Product: HD Webcam eMeet C950
[   16.205806] usb 2-1: Manufacturer: EMEET
[   16.205860] usb 2-1: SerialNumber: SN0001
[   16.206593] usb 2-1: set configuration 1
[   16.207225] xhci_hcd 0000:00:04.0: xhci_configure_endpoint
[   16.207578] xhci_hcd 0000:00:04.0: slot ctx=================================================================
[   16.207719] xhci_hcd 0000:00:04.0: slot_ctx:devinfo: 38300000
[   16.207812] xhci_hcd 0000:00:04.0: slot_ctx:devinfo2: 50000
[   16.207896] xhci_hcd 0000:00:04.0: slot_ctx:ttinfo: 0
[   16.207978] xhci_hcd 0000:00:04.0: slot_ctx:dev_state: 0
[   16.208062] xhci_hcd 0000:00:04.0: ctrl ctx=================================================================
[   16.208171] xhci_hcd 0000:00:04.0: ctrl_ctx:add_flags: 81
[   16.208524] xhci_hcd 0000:00:04.0: ctrl_ctx:drop_flags: 0
[   16.208618] xhci_hcd 0000:00:04.0: ctrl_ctx:rsvd 0: 0
[   16.208697] xhci_hcd 0000:00:04.0: ctrl_ctx:rsvd 1: 0
[   16.208767] xhci_hcd 0000:00:04.0: ctrl_ctx:rsvd 2: 0
[   16.208837] xhci_hcd 0000:00:04.0: ctrl_ctx:rsvd 3: 0
[   16.208889] xhci_hcd 0000:00:04.0: ctrl_ctx:rsvd 4: 0
[   16.208936] xhci_hcd 0000:00:04.0: ctrl_ctx:rsvd 5: 0
[   16.209022] xhci_hcd 0000:00:04.0: endpoint 0=================================================================
[   16.209143] xhci_hcd 0000:00:04.0: deque_32: 1fd1031
[   16.209218] xhci_hcd 0000:00:04.0: ep_info2_32: 400026
[   16.209299] xhci_hcd 0000:00:04.0: ep_info1_32: 0
[   16.209479] xhci_hcd 0000:00:04.0: tx_info_32: 0
[   16.209572] xhci_hcd 0000:00:04.0: deque_ptr_64: 1fd1031
[   16.209665] xhci_hcd 0000:00:04.0: endpoint 1=================================================================
[   16.209768] xhci_hcd 0000:00:04.0: deque_32: 0
[   16.209937] xhci_hcd 0000:00:04.0: ep_info2_32: 0
[   16.210045] xhci_hcd 0000:00:04.0: ep_info1_32: 0
[   16.210121] xhci_hcd 0000:00:04.0: tx_info_32: 0
[   16.210186] xhci_hcd 0000:00:04.0: deque_ptr_64: 0
[   16.210228] xhci_hcd 0000:00:04.0: endpoint 2=================================================================
[   16.210296] xhci_hcd 0000:00:04.0: deque_32: 0
[   16.210330] xhci_hcd 0000:00:04.0: ep_info2_32: 0
[   16.210437] xhci_hcd 0000:00:04.0: ep_info1_32: 0
[   16.210518] xhci_hcd 0000:00:04.0: tx_info_32: 0
[   16.210582] xhci_hcd 0000:00:04.0: deque_ptr_64: 0
[   16.210642] xhci_hcd 0000:00:04.0: endpoint 3=================================================================
[   16.210715] xhci_hcd 0000:00:04.0: deque_32: 0
[   16.210750] xhci_hcd 0000:00:04.0: ep_info2_32: 0
[   16.210786] xhci_hcd 0000:00:04.0: ep_info1_32: 0
[   16.210821] xhci_hcd 0000:00:04.0: tx_info_32: 0
[   16.210856] xhci_hcd 0000:00:04.0: deque_ptr_64: 0
[   16.211117] xhci_hcd 0000:00:04.0: endpoint 4=================================================================
[   16.211265] xhci_hcd 0000:00:04.0: deque_32: 0
[   16.211335] xhci_hcd 0000:00:04.0: ep_info2_32: 0
[   16.211383] xhci_hcd 0000:00:04.0: ep_info1_32: 0
[   16.211453] xhci_hcd 0000:00:04.0: tx_info_32: 0
[   16.211532] xhci_hcd 0000:00:04.0: deque_ptr_64: 0
[   16.211597] xhci_hcd 0000:00:04.0: endpoint 5=================================================================
[   16.211695] xhci_hcd 0000:00:04.0: deque_32: 0
[   16.211740] xhci_hcd 0000:00:04.0: ep_info2_32: 0
[   16.211787] xhci_hcd 0000:00:04.0: ep_info1_32: 0
[   16.211833] xhci_hcd 0000:00:04.0: tx_info_32: 0
[   16.211874] xhci_hcd 0000:00:04.0: deque_ptr_64: 0
[   16.211922] xhci_hcd 0000:00:04.0: endpoint 6=================================================================
[   16.212014] xhci_hcd 0000:00:04.0: deque_32: 1fd8001
[   16.212065] xhci_hcd 0000:00:04.0: ep_info2_32: 10003e
[   16.212125] xhci_hcd 0000:00:04.0: ep_info1_32: 50000
[   16.212180] xhci_hcd 0000:00:04.0: tx_info_32: 100010
[   16.212232] xhci_hcd 0000:00:04.0: deque_ptr_64: 1fd8001
[   16.212284] xhci_hcd 0000:00:04.0: endpoint 7=================================================================
[   16.212373] xhci_hcd 0000:00:04.0: deque_32: 0
[   16.212442] xhci_hcd 0000:00:04.0: ep_info2_32: 0
[   16.212520] xhci_hcd 0000:00:04.0: ep_info1_32: 0
[   16.212601] xhci_hcd 0000:00:04.0: tx_info_32: 0
[   16.212684] xhci_hcd 0000:00:04.0: deque_ptr_64: 0
[   16.212742] xhci_hcd 0000:00:04.0: endpoint 8=================================================================
[   16.212877] xhci_hcd 0000:00:04.0: deque_32: 0
[   16.212961] xhci_hcd 0000:00:04.0: ep_info2_32: 0
[   16.213025] xhci_hcd 0000:00:04.0: ep_info1_32: 0
[   16.213104] xhci_hcd 0000:00:04.0: tx_info_32: 0
[   16.213162] xhci_hcd 0000:00:04.0: deque_ptr_64: 0
[   16.213243] xhci_hcd 0000:00:04.0: endpoint 9=================================================================
[   16.213341] xhci_hcd 0000:00:04.0: deque_32: 0
[   16.213392] xhci_hcd 0000:00:04.0: ep_info2_32: 0
[   16.213447] xhci_hcd 0000:00:04.0: ep_info1_32: 0
[   16.213494] xhci_hcd 0000:00:04.0: tx_info_32: 0
[   16.213539] xhci_hcd 0000:00:04.0: deque_ptr_64: 0
[   16.213586] xhci_hcd 0000:00:04.0: endpoint 10=================================================================
[   16.213679] xhci_hcd 0000:00:04.0: deque_32: 0
[   16.213752] xhci_hcd 0000:00:04.0: ep_info2_32: 0
[   16.213830] xhci_hcd 0000:00:04.0: ep_info1_32: 0
[   16.213916] xhci_hcd 0000:00:04.0: tx_info_32: 0
[   16.214001] xhci_hcd 0000:00:04.0: deque_ptr_64: 0
[   16.214058] xhci_hcd 0000:00:04.0: endpoint 11=================================================================
[   16.214154] xhci_hcd 0000:00:04.0: deque_32: 0
[   16.214204] xhci_hcd 0000:00:04.0: ep_info2_32: 0
[   16.214254] xhci_hcd 0000:00:04.0: ep_info1_32: 0
[   16.214331] xhci_hcd 0000:00:04.0: tx_info_32: 0
[   16.214386] xhci_hcd 0000:00:04.0: deque_ptr_64: 0
[   16.214438] xhci_hcd 0000:00:04.0: endpoint 12=================================================================
[   16.214538] xhci_hcd 0000:00:04.0: deque_32: 0
[   16.214614] xhci_hcd 0000:00:04.0: ep_info2_32: 0
[   16.214678] xhci_hcd 0000:00:04.0: ep_info1_32: 0
[   16.214732] xhci_hcd 0000:00:04.0: tx_info_32: 0
[   16.214786] xhci_hcd 0000:00:04.0: deque_ptr_64: 0
[   16.214865] xhci_hcd 0000:00:04.0: endpoint 13=================================================================
[   16.214963] xhci_hcd 0000:00:04.0: deque_32: 0
[   16.215040] xhci_hcd 0000:00:04.0: ep_info2_32: 0
[   16.215100] xhci_hcd 0000:00:04.0: ep_info1_32: 0
[   16.215152] xhci_hcd 0000:00:04.0: tx_info_32: 0
[   16.215203] xhci_hcd 0000:00:04.0: deque_ptr_64: 0
[   16.215255] xhci_hcd 0000:00:04.0: endpoint 14=================================================================
[   16.215356] xhci_hcd 0000:00:04.0: deque_32: 0
[   16.215437] xhci_hcd 0000:00:04.0: ep_info2_32: 0
[   16.215536] xhci_hcd 0000:00:04.0: ep_info1_32: 0
[   16.215633] xhci_hcd 0000:00:04.0: tx_info_32: 0
[   16.215727] xhci_hcd 0000:00:04.0: deque_ptr_64: 0
[   16.215816] xhci_hcd 0000:00:04.0: endpoint 15=================================================================
[   16.215920] xhci_hcd 0000:00:04.0: deque_32: 0
[   16.215998] xhci_hcd 0000:00:04.0: ep_info2_32: 0
[   16.216082] xhci_hcd 0000:00:04.0: ep_info1_32: 0
[   16.216167] xhci_hcd 0000:00:04.0: tx_info_32: 0
[   16.216242] xhci_hcd 0000:00:04.0: deque_ptr_64: 0
[   16.216327] xhci_hcd 0000:00:04.0: endpoint 16=================================================================
[   16.216426] xhci_hcd 0000:00:04.0: deque_32: 0
[   16.216503] xhci_hcd 0000:00:04.0: ep_info2_32: 0
[   16.216589] xhci_hcd 0000:00:04.0: ep_info1_32: 0
[   16.216647] xhci_hcd 0000:00:04.0: tx_info_32: 0
[   16.216726] xhci_hcd 0000:00:04.0: deque_ptr_64: 0
[   16.216812] xhci_hcd 0000:00:04.0: endpoint 17=================================================================
[   16.216939] xhci_hcd 0000:00:04.0: deque_32: 0
[   16.217020] xhci_hcd 0000:00:04.0: ep_info2_32: 0
[   16.217075] xhci_hcd 0000:00:04.0: ep_info1_32: 0
[   16.217152] xhci_hcd 0000:00:04.0: tx_info_32: 0
[   16.217203] xhci_hcd 0000:00:04.0: deque_ptr_64: 0
[   16.217275] xhci_hcd 0000:00:04.0: endpoint 18=================================================================
[   16.217370] xhci_hcd 0000:00:04.0: deque_32: 0
[   16.217444] xhci_hcd 0000:00:04.0: ep_info2_32: 0
[   16.217498] xhci_hcd 0000:00:04.0: ep_info1_32: 0
[   16.217573] xhci_hcd 0000:00:04.0: tx_info_32: 0
[   16.217629] xhci_hcd 0000:00:04.0: deque_ptr_64: 0
[   16.217683] xhci_hcd 0000:00:04.0: endpoint 19=================================================================
[   16.217799] xhci_hcd 0000:00:04.0: deque_32: 0
[   16.217886] xhci_hcd 0000:00:04.0: ep_info2_32: 0
[   16.217940] xhci_hcd 0000:00:04.0: ep_info1_32: 0
[   16.217988] xhci_hcd 0000:00:04.0: tx_info_32: 0
[   16.218034] xhci_hcd 0000:00:04.0: deque_ptr_64: 0
[   16.218082] xhci_hcd 0000:00:04.0: endpoint 20=================================================================
[   16.218156] xhci_hcd 0000:00:04.0: deque_32: 0
[   16.218195] xhci_hcd 0000:00:04.0: ep_info2_32: 0
[   16.218232] xhci_hcd 0000:00:04.0: ep_info1_32: 0
[   16.218269] xhci_hcd 0000:00:04.0: tx_info_32: 0
[   16.218305] xhci_hcd 0000:00:04.0: deque_ptr_64: 0
[   16.218343] xhci_hcd 0000:00:04.0: endpoint 21=================================================================
[   16.218411] xhci_hcd 0000:00:04.0: deque_32: 0
[   16.218450] xhci_hcd 0000:00:04.0: ep_info2_32: 0
[   16.218491] xhci_hcd 0000:00:04.0: ep_info1_32: 0
[   16.218527] xhci_hcd 0000:00:04.0: tx_info_32: 0
[   16.218564] xhci_hcd 0000:00:04.0: deque_ptr_64: 0
[   16.218601] xhci_hcd 0000:00:04.0: endpoint 22=================================================================
[   16.218669] xhci_hcd 0000:00:04.0: deque_32: 0
[   16.218705] xhci_hcd 0000:00:04.0: ep_info2_32: 0
[   16.218741] xhci_hcd 0000:00:04.0: ep_info1_32: 0
[   16.218778] xhci_hcd 0000:00:04.0: tx_info_32: 0
[   16.218814] xhci_hcd 0000:00:04.0: deque_ptr_64: 0
[   16.218851] xhci_hcd 0000:00:04.0: endpoint 23=================================================================
[   16.218923] xhci_hcd 0000:00:04.0: deque_32: 0
[   16.218963] xhci_hcd 0000:00:04.0: ep_info2_32: 0
[   16.219000] xhci_hcd 0000:00:04.0: ep_info1_32: 0
[   16.219036] xhci_hcd 0000:00:04.0: tx_info_32: 0
[   16.219072] xhci_hcd 0000:00:04.0: deque_ptr_64: 0
[   16.219109] xhci_hcd 0000:00:04.0: endpoint 24=================================================================
[   16.219178] xhci_hcd 0000:00:04.0: deque_32: 0
[   16.219214] xhci_hcd 0000:00:04.0: ep_info2_32: 0
[   16.219250] xhci_hcd 0000:00:04.0: ep_info1_32: 0
[   16.219289] xhci_hcd 0000:00:04.0: tx_info_32: 0
[   16.219324] xhci_hcd 0000:00:04.0: deque_ptr_64: 0
[   16.219360] xhci_hcd 0000:00:04.0: endpoint 25=================================================================
[   16.219426] xhci_hcd 0000:00:04.0: deque_32: 0
[   16.219460] xhci_hcd 0000:00:04.0: ep_info2_32: 0
[   16.219496] xhci_hcd 0000:00:04.0: ep_info1_32: 0
[   16.219532] xhci_hcd 0000:00:04.0: tx_info_32: 0
[   16.219575] xhci_hcd 0000:00:04.0: deque_ptr_64: 0
[   16.219622] xhci_hcd 0000:00:04.0: endpoint 26=================================================================
[   16.219737] xhci_hcd 0000:00:04.0: deque_32: 0
[   16.219813] xhci_hcd 0000:00:04.0: ep_info2_32: 0
[   16.219893] xhci_hcd 0000:00:04.0: ep_info1_32: 0
[   16.219970] xhci_hcd 0000:00:04.0: tx_info_32: 0
[   16.220047] xhci_hcd 0000:00:04.0: deque_ptr_64: 0
[   16.220132] xhci_hcd 0000:00:04.0: endpoint 27=================================================================
[   16.220247] xhci_hcd 0000:00:04.0: deque_32: 0
[   16.220313] xhci_hcd 0000:00:04.0: ep_info2_32: 0
[   16.220377] xhci_hcd 0000:00:04.0: ep_info1_32: 0
[   16.220440] xhci_hcd 0000:00:04.0: tx_info_32: 0
[   16.220486] xhci_hcd 0000:00:04.0: deque_ptr_64: 0
[   16.220544] xhci_hcd 0000:00:04.0: endpoint 28=================================================================
[   16.220638] xhci_hcd 0000:00:04.0: deque_32: 0
[   16.220696] xhci_hcd 0000:00:04.0: ep_info2_32: 0
[   16.220759] xhci_hcd 0000:00:04.0: ep_info1_32: 0
[   16.220822] xhci_hcd 0000:00:04.0: tx_info_32: 0
[   16.220884] xhci_hcd 0000:00:04.0: deque_ptr_64: 0
[   16.220925] xhci_hcd 0000:00:04.0: endpoint 29=================================================================
[   16.221018] xhci_hcd 0000:00:04.0: deque_32: 0
[   16.221080] xhci_hcd 0000:00:04.0: ep_info2_32: 0
[   16.221143] xhci_hcd 0000:00:04.0: ep_info1_32: 0
[   16.221208] xhci_hcd 0000:00:04.0: tx_info_32: 0
[   16.221252] xhci_hcd 0000:00:04.0: deque_ptr_64: 0
[   16.221293] xhci_hcd 0000:00:04.0: endpoint 30=================================================================
[   16.221383] xhci_hcd 0000:00:04.0: deque_32: 0
[   16.221442] xhci_hcd 0000:00:04.0: ep_info2_32: 0
[   16.221502] xhci_hcd 0000:00:04.0: ep_info1_32: 0
[   16.221563] xhci_hcd 0000:00:04.0: tx_info_32: 0
[   16.221623] xhci_hcd 0000:00:04.0: deque_ptr_64: 0
[   16.221686] xhci_hcd 0000:00:04.0: endpoint 31=================================================================
[   16.221780] xhci_hcd 0000:00:04.0: deque_32: 0
[   16.221840] xhci_hcd 0000:00:04.0: ep_info2_32: 0
[   16.221901] xhci_hcd 0000:00:04.0: ep_info1_32: 0
[   16.221961] xhci_hcd 0000:00:04.0: tx_info_32: 0
[   16.222001] xhci_hcd 0000:00:04.0: deque_ptr_64: 0
[   16.222094] xhci_hcd 0000:00:04.0: queue configure endpoint
[   16.222185] xhci_hcd 0000:00:04.0: dump trb:
[   16.222244] xhci_hcd 0000:00:04.0: 1fce000
[   16.222301] xhci_hcd 0000:00:04.0: 0
[   16.222356] xhci_hcd 0000:00:04.0: 0
[   16.222410] xhci_hcd 0000:00:04.0: 1003001
[   16.223122] usb 2-1: enable endpoint
[   16.223310] xhci_hcd 0000:00:04.0: xhci_endpoint_reset
[   16.223628] xhci_hcd 0000:00:04.0: dump trb:
[   16.223795] xhci_hcd 0000:00:04.0: 0
[   16.223887] xhci_hcd 0000:00:04.0: 0
[   16.223953] xhci_hcd 0000:00:04.0: 0
[   16.224004] xhci_hcd 0000:00:04.0: 1073c01
[   16.224401] xhci_hcd 0000:00:04.0: queue configure endpoint
[   16.224480] xhci_hcd 0000:00:04.0: dump trb:
[   16.224539] xhci_hcd 0000:00:04.0: 1fd0000
[   16.224599] xhci_hcd 0000:00:04.0: 0
[   16.224656] xhci_hcd 0000:00:04.0: 0
[   16.224712] xhci_hcd 0000:00:04.0: 1003001
[   16.225025] xhci_hcd 0000:00:04.0: dump trb:
[   16.225087] xhci_hcd 0000:00:04.0: 10900
[   16.225146] xhci_hcd 0000:00:04.0: 0
[   16.225269] xhci_hcd 0000:00:04.0: 8
[   16.225310] xhci_hcd 0000:00:04.0: 840
[   16.225399] xhci_hcd 0000:00:04.0: dump trb:
[   16.225460] xhci_hcd 0000:00:04.0: 0
[   16.225518] xhci_hcd 0000:00:04.0: 0
[   16.225576] xhci_hcd 0000:00:04.0: 0
[   16.225633] xhci_hcd 0000:00:04.0: 11021
[   16.226195] xhci_hcd 0000:00:04.0: dump trb:
[   16.226264] xhci_hcd 0000:00:04.0: 3050680
[   16.226318] xhci_hcd 0000:00:04.0: ff0409
[   16.226390] xhci_hcd 0000:00:04.0: 8
[   16.226449] xhci_hcd 0000:00:04.0: 30840
[   16.226514] xhci_hcd 0000:00:04.0: dump trb:
[   16.226579] xhci_hcd 0000:00:04.0: 1fd5700
[   16.226620] xhci_hcd 0000:00:04.0: 0
[   16.226654] xhci_hcd 0000:00:04.0: ff
[   16.226686] xhci_hcd 0000:00:04.0: 10c05
[   16.226722] xhci_hcd 0000:00:04.0: dump trb:
[   16.226758] xhci_hcd 0000:00:04.0: 0
[   16.226791] xhci_hcd 0000:00:04.0: 0
[   16.226823] xhci_hcd 0000:00:04.0: 0
[   16.226875] xhci_hcd 0000:00:04.0: 1021
[   16.229577] xhci_hcd 0000:00:04.0: dump trb:
[   16.229661] xhci_hcd 0000:00:04.0: 3050680
[   16.229707] xhci_hcd 0000:00:04.0: ff0409
[   16.229769] xhci_hcd 0000:00:04.0: 8
[   16.229813] xhci_hcd 0000:00:04.0: 30840
[   16.229856] xhci_hcd 0000:00:04.0: dump trb:
[   16.229899] xhci_hcd 0000:00:04.0: 1fd5700
[   16.229942] xhci_hcd 0000:00:04.0: 0
[   16.230011] xhci_hcd 0000:00:04.0: ff
[   16.230087] xhci_hcd 0000:00:04.0: 10c05
[   16.230213] xhci_hcd 0000:00:04.0: dump trb:
[   16.230298] xhci_hcd 0000:00:04.0: 0
[   16.230370] xhci_hcd 0000:00:04.0: 0
[   16.230439] xhci_hcd 0000:00:04.0: 0
[   16.230508] xhci_hcd 0000:00:04.0: 1021
[   16.235761] usb 2-1: Found UVC 1.00 device HD Webcam eMeet C950 (328f:0073)
[   16.236812] xhci_hcd 0000:00:04.0: dump trb:
[   16.236878] xhci_hcd 0000:00:04.0: 20086a1 get info
[   16.236936] xhci_hcd 0000:00:04.0: 10200
[   16.236989] xhci_hcd 0000:00:04.0: 8
[   16.237038] xhci_hcd 0000:00:04.0: 30840
[   16.237090] xhci_hcd 0000:00:04.0: dump trb:
[   16.237141] xhci_hcd 0000:00:04.0: 1dbe678
[   16.237195] xhci_hcd 0000:00:04.0: 0
[   16.237300] xhci_hcd 0000:00:04.0: 1
[   16.237336] xhci_hcd 0000:00:04.0: 10c05
[   16.237388] xhci_hcd 0000:00:04.0: dump trb:
[   16.237444] xhci_hcd 0000:00:04.0: 0
[   16.237495] xhci_hcd 0000:00:04.0: 0
[   16.237549] xhci_hcd 0000:00:04.0: 0
[   16.237604] xhci_hcd 0000:00:04.0: 1021
[   16.238801] xhci_hcd 0000:00:04.0: dump trb:
[   16.238873] xhci_hcd 0000:00:04.0: 30086a1 get info
[   16.238908] xhci_hcd 0000:00:04.0: 10200
[   16.238938] xhci_hcd 0000:00:04.0: 8
[   16.238983] xhci_hcd 0000:00:04.0: 30840
[   16.239035] xhci_hcd 0000:00:04.0: dump trb:
[   16.239091] xhci_hcd 0000:00:04.0: 1dbe678
[   16.239155] xhci_hcd 0000:00:04.0: 0
[   16.239207] xhci_hcd 0000:00:04.0: 1
[   16.239259] xhci_hcd 0000:00:04.0: 10c05
[   16.239314] xhci_hcd 0000:00:04.0: dump trb:
[   16.239352] xhci_hcd 0000:00:04.0: 0
[   16.239381] xhci_hcd 0000:00:04.0: 0
[   16.239409] xhci_hcd 0000:00:04.0: 0
[   16.239437] xhci_hcd 0000:00:04.0: 1021
[   16.240070] xhci_hcd 0000:00:04.0: dump trb:
[   16.240126] xhci_hcd 0000:00:04.0: 60086a1 get info
[   16.240177] xhci_hcd 0000:00:04.0: 10200
[   16.240298] xhci_hcd 0000:00:04.0: 8
[   16.240352] xhci_hcd 0000:00:04.0: 30840
[   16.240408] xhci_hcd 0000:00:04.0: dump trb:
[   16.240445] xhci_hcd 0000:00:04.0: 1dbe678
[   16.240481] xhci_hcd 0000:00:04.0: 0
[   16.240513] xhci_hcd 0000:00:04.0: 1
[   16.240572] xhci_hcd 0000:00:04.0: 10c05
[   16.240613] xhci_hcd 0000:00:04.0: dump trb:
[   16.240677] xhci_hcd 0000:00:04.0: 0
[   16.240715] xhci_hcd 0000:00:04.0: 0
[   16.240747] xhci_hcd 0000:00:04.0: 0
[   16.240782] xhci_hcd 0000:00:04.0: 1021
[   16.241371] xhci_hcd 0000:00:04.0: dump trb:
[   16.241444] xhci_hcd 0000:00:04.0: 70086a1 get info
[   16.241500] xhci_hcd 0000:00:04.0: 10200
[   16.241552] xhci_hcd 0000:00:04.0: 8
[   16.241585] xhci_hcd 0000:00:04.0: 30840
[   16.241616] xhci_hcd 0000:00:04.0: dump trb:
[   16.241649] xhci_hcd 0000:00:04.0: 1dbe678
[   16.241680] xhci_hcd 0000:00:04.0: 0
[   16.241708] xhci_hcd 0000:00:04.0: 1
[   16.241736] xhci_hcd 0000:00:04.0: 10c05
[   16.241766] xhci_hcd 0000:00:04.0: dump trb:
[   16.241798] xhci_hcd 0000:00:04.0: 0
[   16.241827] xhci_hcd 0000:00:04.0: 0
[   16.241854] xhci_hcd 0000:00:04.0: 0
[   16.241882] xhci_hcd 0000:00:04.0: 1021
[   16.242998] xhci_hcd 0000:00:04.0: dump trb:
[   16.243073] xhci_hcd 0000:00:04.0: 80086a1
[   16.243133] xhci_hcd 0000:00:04.0: 10200
[   16.243208] xhci_hcd 0000:00:04.0: 8
[   16.243265] xhci_hcd 0000:00:04.0: 30840
[   16.243324] xhci_hcd 0000:00:04.0: dump trb:
[   16.243385] xhci_hcd 0000:00:04.0: 1dbe678
[   16.243445] xhci_hcd 0000:00:04.0: 0
[   16.243501] xhci_hcd 0000:00:04.0: 1
[   16.243558] xhci_hcd 0000:00:04.0: 10c05
[   16.243619] xhci_hcd 0000:00:04.0: dump trb:
[   16.243679] xhci_hcd 0000:00:04.0: 0
[   16.243717] xhci_hcd 0000:00:04.0: 0
[   16.243749] xhci_hcd 0000:00:04.0: 0
[   16.243780] xhci_hcd 0000:00:04.0: 1021
[   16.244821] xhci_hcd 0000:00:04.0: dump trb:
[   16.244898] xhci_hcd 0000:00:04.0: 90086a1
[   16.244962] xhci_hcd 0000:00:04.0: 10200
[   16.245034] xhci_hcd 0000:00:04.0: 8
[   16.245096] xhci_hcd 0000:00:04.0: 30840
[   16.245195] xhci_hcd 0000:00:04.0: dump trb:
[   16.245257] xhci_hcd 0000:00:04.0: 1dbe678
[   16.245298] xhci_hcd 0000:00:04.0: 0
[   16.245330] xhci_hcd 0000:00:04.0: 1
[   16.245361] xhci_hcd 0000:00:04.0: 10c05
[   16.245395] xhci_hcd 0000:00:04.0: dump trb:
[   16.245430] xhci_hcd 0000:00:04.0: 0
[   16.245461] xhci_hcd 0000:00:04.0: 0
[   16.245492] xhci_hcd 0000:00:04.0: 0
[   16.245523] xhci_hcd 0000:00:04.0: 1021
[   16.246244] xhci_hcd 0000:00:04.0: dump trb:
[   16.246298] xhci_hcd 0000:00:04.0: a0086a1
[   16.246356] xhci_hcd 0000:00:04.0: 10200
[   16.246405] xhci_hcd 0000:00:04.0: 8
[   16.246451] xhci_hcd 0000:00:04.0: 30840
[   16.246500] xhci_hcd 0000:00:04.0: dump trb:
[   16.246552] xhci_hcd 0000:00:04.0: 1dbe678
[   16.246606] xhci_hcd 0000:00:04.0: 0
[   16.246657] xhci_hcd 0000:00:04.0: 1
[   16.246710] xhci_hcd 0000:00:04.0: 10c05
[   16.246766] xhci_hcd 0000:00:04.0: dump trb:
[   16.246825] xhci_hcd 0000:00:04.0: 0
[   16.246878] xhci_hcd 0000:00:04.0: 0
[   16.246933] xhci_hcd 0000:00:04.0: 0
[   16.246993] xhci_hcd 0000:00:04.0: 1021
[   16.247655] xhci_hcd 0000:00:04.0: dump trb:
[   16.247716] xhci_hcd 0000:00:04.0: 10086a1
[   16.247767] xhci_hcd 0000:00:04.0: 10200
[   16.247817] xhci_hcd 0000:00:04.0: 8
[   16.247866] xhci_hcd 0000:00:04.0: 30840
[   16.247922] xhci_hcd 0000:00:04.0: dump trb:
[   16.247995] xhci_hcd 0000:00:04.0: 1dbe678
[   16.248054] xhci_hcd 0000:00:04.0: 0
[   16.248111] xhci_hcd 0000:00:04.0: 1
[   16.248220] xhci_hcd 0000:00:04.0: 10c05
[   16.248277] xhci_hcd 0000:00:04.0: dump trb:
[   16.248335] xhci_hcd 0000:00:04.0: 0
[   16.248399] xhci_hcd 0000:00:04.0: 0
[   16.248454] xhci_hcd 0000:00:04.0: 0
[   16.248508] xhci_hcd 0000:00:04.0: 1021
[   16.249174] xhci_hcd 0000:00:04.0: dump trb:
[   16.249242] xhci_hcd 0000:00:04.0: 40086a1
[   16.249296] xhci_hcd 0000:00:04.0: 10200
[   16.249345] xhci_hcd 0000:00:04.0: 8
[   16.249397] xhci_hcd 0000:00:04.0: 30840
[   16.249451] xhci_hcd 0000:00:04.0: dump trb:
[   16.249505] xhci_hcd 0000:00:04.0: 1dbe678
[   16.249560] xhci_hcd 0000:00:04.0: 0
[   16.249596] xhci_hcd 0000:00:04.0: 1
[   16.249627] xhci_hcd 0000:00:04.0: 10c05
[   16.249659] xhci_hcd 0000:00:04.0: dump trb:
[   16.249694] xhci_hcd 0000:00:04.0: 0
[   16.249724] xhci_hcd 0000:00:04.0: 0
[   16.249754] xhci_hcd 0000:00:04.0: 0
[   16.249784] xhci_hcd 0000:00:04.0: 1021
[   16.250771] xhci_hcd 0000:00:04.0: dump trb:
[   16.250833] xhci_hcd 0000:00:04.0: 50086a1
[   16.250889] xhci_hcd 0000:00:04.0: 10200
[   16.250944] xhci_hcd 0000:00:04.0: 8
[   16.250997] xhci_hcd 0000:00:04.0: 30840
[   16.251053] xhci_hcd 0000:00:04.0: dump trb:
[   16.251109] xhci_hcd 0000:00:04.0: 1dbe680
[   16.251206] xhci_hcd 0000:00:04.0: 0
[   16.251263] xhci_hcd 0000:00:04.0: 1
[   16.251298] xhci_hcd 0000:00:04.0: 10c05
[   16.251331] xhci_hcd 0000:00:04.0: dump trb:
[   16.251365] xhci_hcd 0000:00:04.0: 0
[   16.251397] xhci_hcd 0000:00:04.0: 0
[   16.251444] xhci_hcd 0000:00:04.0: 0
[   16.251497] xhci_hcd 0000:00:04.0: 1021
[   16.252606] xhci_hcd 0000:00:04.0: dump trb:
[   16.252666] xhci_hcd 0000:00:04.0: b0086a1
[   16.252715] xhci_hcd 0000:00:04.0: 10200
[   16.252749] xhci_hcd 0000:00:04.0: 8
[   16.252784] xhci_hcd 0000:00:04.0: 30840
[   16.252823] xhci_hcd 0000:00:04.0: dump trb:
[   16.252878] xhci_hcd 0000:00:04.0: 1dbe688
[   16.252968] xhci_hcd 0000:00:04.0: 0
[   16.253024] xhci_hcd 0000:00:04.0: 1
[   16.253089] xhci_hcd 0000:00:04.0: 10c05
[   16.253252] xhci_hcd 0000:00:04.0: dump trb:
[   16.253327] xhci_hcd 0000:00:04.0: 0
[   16.253395] xhci_hcd 0000:00:04.0: 0
[   16.253452] xhci_hcd 0000:00:04.0: 0
[   16.253492] xhci_hcd 0000:00:04.0: 1021
[   16.254519] xhci_hcd 0000:00:04.0: dump trb:
[   16.254588] xhci_hcd 0000:00:04.0: 20086a1
[   16.254645] xhci_hcd 0000:00:04.0: 10100
[   16.254700] xhci_hcd 0000:00:04.0: 8
[   16.254755] xhci_hcd 0000:00:04.0: 30840
[   16.254814] xhci_hcd 0000:00:04.0: dump trb:
[   16.254873] xhci_hcd 0000:00:04.0: 1dbe690
[   16.254931] xhci_hcd 0000:00:04.0: 0
[   16.254986] xhci_hcd 0000:00:04.0: 1
[   16.255040] xhci_hcd 0000:00:04.0: 10c05
[   16.255098] xhci_hcd 0000:00:04.0: dump trb:
[   16.255203] xhci_hcd 0000:00:04.0: 0
[   16.255262] xhci_hcd 0000:00:04.0: 0
[   16.255318] xhci_hcd 0000:00:04.0: 0
[   16.255375] xhci_hcd 0000:00:04.0: 1021
[   16.256187] xhci_hcd 0000:00:04.0: dump trb:
[   16.256305] xhci_hcd 0000:00:04.0: 30086a1
[   16.256366] xhci_hcd 0000:00:04.0: 10100
[   16.256433] xhci_hcd 0000:00:04.0: 8
[   16.256492] xhci_hcd 0000:00:04.0: 30840
[   16.256554] xhci_hcd 0000:00:04.0: dump trb:
[   16.256630] xhci_hcd 0000:00:04.0: 1dbe698
[   16.256693] xhci_hcd 0000:00:04.0: 0
[   16.256755] xhci_hcd 0000:00:04.0: 1
[   16.256827] xhci_hcd 0000:00:04.0: 10c05
[   16.256891] xhci_hcd 0000:00:04.0: dump trb:
[   16.256950] xhci_hcd 0000:00:04.0: 0
[   16.256986] xhci_hcd 0000:00:04.0: 0
[   16.257021] xhci_hcd 0000:00:04.0: 0
[   16.257057] xhci_hcd 0000:00:04.0: 1021
[   16.257874] xhci_hcd 0000:00:04.0: dump trb:
[   16.257965] xhci_hcd 0000:00:04.0: 40086a1
[   16.258036] xhci_hcd 0000:00:04.0: 10100
[   16.258106] xhci_hcd 0000:00:04.0: 8
[   16.258219] xhci_hcd 0000:00:04.0: 30840
[   16.258288] xhci_hcd 0000:00:04.0: dump trb:
[   16.258360] xhci_hcd 0000:00:04.0: 1dbe698
[   16.258431] xhci_hcd 0000:00:04.0: 0
[   16.258496] xhci_hcd 0000:00:04.0: 1
[   16.258563] xhci_hcd 0000:00:04.0: 10c05
[   16.258627] xhci_hcd 0000:00:04.0: dump trb:
[   16.258695] xhci_hcd 0000:00:04.0: 0
[   16.258760] xhci_hcd 0000:00:04.0: 0
[   16.258826] xhci_hcd 0000:00:04.0: 0
[   16.258893] xhci_hcd 0000:00:04.0: 1021
[   16.259735] xhci_hcd 0000:00:04.0: dump trb:
[   16.259820] xhci_hcd 0000:00:04.0: f0086a1
[   16.259901] xhci_hcd 0000:00:04.0: 10100
[   16.259974] xhci_hcd 0000:00:04.0: 8
[   16.260046] xhci_hcd 0000:00:04.0: 30840
[   16.260122] xhci_hcd 0000:00:04.0: dump trb:
[   16.260365] xhci_hcd 0000:00:04.0: 1dbe698
[   16.260450] xhci_hcd 0000:00:04.0: 0
[   16.260521] xhci_hcd 0000:00:04.0: 1
[   16.260592] xhci_hcd 0000:00:04.0: 10c05
[   16.260674] xhci_hcd 0000:00:04.0: dump trb:
[   16.260752] xhci_hcd 0000:00:04.0: 0
[   16.260820] xhci_hcd 0000:00:04.0: 0
[   16.260888] xhci_hcd 0000:00:04.0: 0
[   16.260960] xhci_hcd 0000:00:04.0: 1021
[   16.262251] xhci_hcd 0000:00:04.0: dump trb:
[   16.262340] xhci_hcd 0000:00:04.0: 100086a1
[   16.262415] xhci_hcd 0000:00:04.0: 10100
[   16.262461] xhci_hcd 0000:00:04.0: 8
[   16.262508] xhci_hcd 0000:00:04.0: 30840
[   16.262575] xhci_hcd 0000:00:04.0: dump trb:
[   16.262666] xhci_hcd 0000:00:04.0: 1dbe698
[   16.262741] xhci_hcd 0000:00:04.0: 0
[   16.262847] xhci_hcd 0000:00:04.0: 1
[   16.262917] xhci_hcd 0000:00:04.0: 10c05
[   16.262992] xhci_hcd 0000:00:04.0: dump trb:
[   16.263069] xhci_hcd 0000:00:04.0: 0
[   16.263141] xhci_hcd 0000:00:04.0: 0
[   16.263243] xhci_hcd 0000:00:04.0: 0
[   16.263290] xhci_hcd 0000:00:04.0: 1021
[   16.264280] usb 2-1: Failed to query (GET_INFO) UVC control 16 on unit 1: 0 (exp. 1).
[   16.264533] usb 2-1: selecting interface 1, alternative0
[   16.264786] xhci_hcd 0000:00:04.0: dump trb:
[   16.264843] xhci_hcd 0000:00:04.0: b01
[   16.264897] xhci_hcd 0000:00:04.0: 1
[   16.264949] xhci_hcd 0000:00:04.0: 8
[   16.265003] xhci_hcd 0000:00:04.0: 840
[   16.265054] xhci_hcd 0000:00:04.0: dump trb:
[   16.265108] xhci_hcd 0000:00:04.0: 0
[   16.265142] xhci_hcd 0000:00:04.0: 0
[   16.265249] xhci_hcd 0000:00:04.0: 0
[   16.265302] xhci_hcd 0000:00:04.0: 11021
[   16.272227] xhci_hcd 0000:00:04.0: dump trb:
[   16.272290] xhci_hcd 0000:00:04.0: 10087a1
[   16.272355] xhci_hcd 0000:00:04.0: 1a0001
[   16.272463] xhci_hcd 0000:00:04.0: 8
[   16.272526] xhci_hcd 0000:00:04.0: 30840
[   16.272590] xhci_hcd 0000:00:04.0: dump trb:
[   16.272659] xhci_hcd 0000:00:04.0: 1de0b80
[   16.272723] xhci_hcd 0000:00:04.0: 0
[   16.272806] xhci_hcd 0000:00:04.0: 1a
[   16.272869] xhci_hcd 0000:00:04.0: 10c05
[   16.272933] xhci_hcd 0000:00:04.0: dump trb:
[   16.273005] xhci_hcd 0000:00:04.0: 0
[   16.273074] xhci_hcd 0000:00:04.0: 0
[   16.273134] xhci_hcd 0000:00:04.0: 0
[   16.273248] xhci_hcd 0000:00:04.0: 1021
[   16.274410] xhci_hcd 0000:00:04.0: dump trb:
[   16.274489] xhci_hcd 0000:00:04.0: 1000121
[   16.274534] xhci_hcd 0000:00:04.0: 1a0001
[   16.274574] xhci_hcd 0000:00:04.0: 8
[   16.274637] xhci_hcd 0000:00:04.0: 20840
[   16.274785] xhci_hcd 0000:00:04.0: dump trb:
[   16.274863] xhci_hcd 0000:00:04.0: 1de0b80
[   16.274943] xhci_hcd 0000:00:04.0: 0
[   16.275018] xhci_hcd 0000:00:04.0: 1a
[   16.275093] xhci_hcd 0000:00:04.0: c01
[   16.275206] xhci_hcd 0000:00:04.0: dump trb:
[   16.275288] xhci_hcd 0000:00:04.0: 0
[   16.275359] xhci_hcd 0000:00:04.0: 0
[   16.275432] xhci_hcd 0000:00:04.0: 0
[   16.275481] xhci_hcd 0000:00:04.0: 11021
[   16.276659] xhci_hcd 0000:00:04.0: dump trb:
[   16.276744] xhci_hcd 0000:00:04.0: 10081a1
[   16.276789] xhci_hcd 0000:00:04.0: 1a0001
[   16.276832] xhci_hcd 0000:00:04.0: 8
[   16.276892] xhci_hcd 0000:00:04.0: 30840
[   16.276962] xhci_hcd 0000:00:04.0: dump trb:
[   16.277036] xhci_hcd 0000:00:04.0: 1de0b80
[   16.277108] xhci_hcd 0000:00:04.0: 0
[   16.277211] xhci_hcd 0000:00:04.0: 1a
[   16.277279] xhci_hcd 0000:00:04.0: 10c05
[   16.277353] xhci_hcd 0000:00:04.0: dump trb:
[   16.277428] xhci_hcd 0000:00:04.0: 0
[   16.277510] xhci_hcd 0000:00:04.0: 0
[   16.277580] xhci_hcd 0000:00:04.0: 0
[   16.277650] xhci_hcd 0000:00:04.0: 1021
[   16.283264] input: HD Webcam eMeet C950: HD Webcam as /devices/pci0000:00/0000:00:04.0/usb2/2-1/2-1:1.0/input/input4
[   18.468281] xhci_hcd 0000:00:04.0: dump trb:
[   18.468484] xhci_hcd 0000:00:04.0: 0
[   18.468602] xhci_hcd 0000:00:04.0: 0
[   18.468703] xhci_hcd 0000:00:04.0: 0
[   18.468763] xhci_hcd 0000:00:04.0: 1873c01
[   18.468919] xhci_hcd 0000:00:04.0: dump trb:
[   18.469014] xhci_hcd 0000:00:04.0: 0
[   18.469109] xhci_hcd 0000:00:04.0: 0
[   18.469203] xhci_hcd 0000:00:04.0: 0
[   18.469296] xhci_hcd 0000:00:04.0: 1813c01

# ls /dev
autofs		 loop3	 sg0	   tty18  tty31  tty45	tty59	 usbmon1
bsg		 loop4	 snapshot  tty19  tty32  tty46	tty6	 usbmon2
bus		 loop5	 snd	   tty2   tty33  tty47	tty60	 usbmon3
console		 loop6	 sr0	   tty20  tty34  tty48	tty61	 vcs
cpu		 loop7	 tty	   tty21  tty35  tty49	tty62	 vcs1
cpu_dma_latency  mapper  tty0	   tty22  tty36  tty5	tty63	 vcsa
full		 media0  tty1	   tty23  tty37  tty50	tty7	 vcsa1
hpet		 mem	 tty10	   tty24  tty38  tty51	tty8	 vcsu
hwrng		 null	 tty11	   tty25  tty39  tty52	tty9	 vcsu1
input		 nvram	 tty12	   tty26  tty4	 tty53	ttyS0	 vga_arbiter
kmsg		 port	 tty13	   tty27  tty40  tty54	ttyS1	 video0
loop-control	 ptmx	 tty14	   tty28  tty41  tty55	ttyS2	 video1
loop0		 random  tty15	   tty29  tty42  tty56	ttyS3	 zero
loop1		 rfkill  tty16	   tty3   tty43  tty57	urandom
loop2		 rtc0	 tty17	   tty30  tty44  tty58	usbmon0
# cat /dev/video- 0
[   47.371733] xhci_hcd 0000:00:04.0: dump trb:
[   47.371924] xhci_hcd 0000:00:04.0: 80
[   47.371994] xhci_hcd 0000:00:04.0: 20000
[   47.372081] xhci_hcd 0000:00:04.0: 8
[   47.372174] xhci_hcd 0000:00:04.0: 30840
[   47.372281] xhci_hcd 0000:00:04.0: dump trb:
[   47.372464] xhci_hcd 0000:00:04.0: 1dbe780
[   47.372567] xhci_hcd 0000:00:04.0: 0
[   47.372632] xhci_hcd 0000:00:04.0: 2
[   47.372720] xhci_hcd 0000:00:04.0: 10c05
[   47.372865] xhci_hcd 0000:00:04.0: dump trb:
[   47.372966] xhci_hcd 0000:00:04.0: 0
[   47.373059] xhci_hcd 0000:00:04.0: 0
[   47.373153] xhci_hcd 0000:00:04.0: 0
[   47.373250] xhci_hcd 0000:00:04.0: 1021
[   47.375149] xhci_hcd 0000:00:04.0: dump trb:
[   47.375257] xhci_hcd 0000:00:04.0: 10100
[   47.375328] xhci_hcd 0000:00:04.0: 0
[   47.375395] xhci_hcd 0000:00:04.0: 8
[   47.375461] xhci_hcd 0000:00:04.0: 840
[   47.375536] xhci_hcd 0000:00:04.0: dump trb:
[   47.375607] xhci_hcd 0000:00:04.0: 0
[   47.375681] xhci_hcd 0000:00:04.0: 0
[   47.375723] xhci_hcd 0000:00:04.0: 0
[   47.375761] xhci_hcd 0000:00:04.0: 11021
[   47.376867] xhci_hcd 0000:00:04.0: dump trb:
[   47.376955] xhci_hcd 0000:00:04.0: 0
[   47.377007] xhci_hcd 0000:00:04.0: 0
[   47.377058] xhci_hcd 0000:00:04.0: 0
[   47.377108] xhci_hcd 0000:00:04.0: 1013801
[   47.377578] xhci_hcd 0000:00:04.0: dump trb:
[   47.377634] xhci_hcd 0000:00:04.0: 1fd1601
[   47.377665] xhci_hcd 0000:00:04.0: 0
[   47.377704] xhci_hcd 0000:00:04.0: 0
[   47.377737] xhci_hcd 0000:00:04.0: 1014001
[   47.378634] xhci_hcd 0000:00:04.0: submit interrupt in urb
[   47.379101] xhci_hcd 0000:00:04.0: interrupt!
[   47.379360] xhci_hcd 0000:00:04.0: dump trb:
[   47.379410] xhci_hcd 0000:00:04.0: 1f2fc80
[   47.379443] xhci_hcd 0000:00:04.0: 0
[   47.379487] xhci_hcd 0000:00:04.0: 10
[   47.379536] xhci_hcd 0000:00:04.0: 424
cat: /dev/video0: Invalid argument
[   47.390295] xhci_hcd 0000:00:04.0: dump trb:
[   47.390393] xhci_hcd 0000:00:04.0: 0
[   47.390464] xhci_hcd 0000:00:04.0: 0
[   47.390527] xhci_hcd 0000:00:04.0: 0
[   47.390590] xhci_hcd 0000:00:04.0: 1073c01
[   47.394264] cat (56) used greatest stack depth: 12928 bytes left
# [   49.683537] xhci_hcd 0000:00:04.0: dump trb:
[   49.683840] xhci_hcd 0000:00:04.0: 0
[   49.683988] xhci_hcd 0000:00:04.0: 0
[   49.684108] xhci_hcd 0000:00:04.0: 0
[   49.684195] xhci_hcd 0000:00:04.0: 1813c01
qc
/bin/sh: 5: qc: not found
# cat /dev/video1
cat: /dev/video1: Invalid argument
# ls .d  /dev
autofs		 loop3	 sg0	   tty18  tty31  tty45	tty59	 usbmon1
bsg		 loop4	 snapshot  tty19  tty32  tty46	tty6	 usbmon2
bus		 loop5	 snd	   tty2   tty33  tty47	tty60	 usbmon3
console		 loop6	 sr0	   tty20  tty34  tty48	tty61	 vcs
cpu		 loop7	 tty	   tty21  tty35  tty49	tty62	 vcs1
cpu_dma_latency  mapper  tty0	   tty22  tty36  tty5	tty63	 vcsa
full		 media0  tty1	   tty23  tty37  tty50	tty7	 vcsa1
hpet		 mem	 tty10	   tty24  tty38  tty51	tty8	 vcsu
hwrng		 null	 tty11	   tty25  tty39  tty52	tty9	 vcsu1
input		 nvram	 tty12	   tty26  tty4	 tty53	ttyS0	 vga_arbiter
kmsg		 port	 tty13	   tty27  tty40  tty54	ttyS1	 video0
loop-control	 ptmx	 tty14	   tty28  tty41  tty55	ttyS2	 video1
loop0		 random  tty15	   tty29  tty42  tty56	ttyS3	 zero
loop1		 rfkill  tty16	   tty3   tty43  tty57	urandom
loop2		 rtc0	 tty17	   tty30  tty44  tty58	usbmon0
# cat /de	v/video1
cat: /dev/video1: Invalid argument
# 
# ll /dev
/bin/sh: 10: ll: not found
# ls -a /de    l /dev
total 4
drwxr-xr-x  8 root root     2400 Aug  7 13:30 .
drwxr-xr-x 25 root root     4096 Aug  7 13:04 ..
crw-r--r--  1 root root  10, 235 Aug  7 13:30 autofs
drwxr-xr-x  2 root root       60 Aug  7 13:30 bsg
drwxr-xr-x  3 root root       60 Aug  7 13:30 bus
crw-------  1 root root   5,   1 Aug  7 13:30 console
drwxr-xr-x  3 root root       60 Aug  7 13:30 cpu
crw-------  1 root root  10, 126 Aug  7 13:30 cpu_dma_latency
crw-rw-rw-  1 root root   1,   7 Aug  7 13:30 full
crw-------  1 root root  10, 228 Aug  7 13:30 hpet
crw-------  1 root root  10, 183 Aug  7 13:30 hwrng
drwxr-xr-x  2 root root      160 Aug  7 13:30 input
crw-r--r--  1 root root   1,  11 Aug  7 13:30 kmsg
crw-------  1 root root  10, 237 Aug  7 13:30 loop-control
brw-------  1 root root   7,   0 Aug  7 13:30 loop0
brw-------  1 root root   7,   1 Aug  7 13:30 loop1
brw-------  1 root root   7,   2 Aug  7 13:30 loop2
brw-------  1 root root   7,   3 Aug  7 13:30 loop3
brw-------  1 root root   7,   4 Aug  7 13:30 loop4
brw-------  1 root root   7,   5 Aug  7 13:30 loop5
brw-------  1 root root   7,   6 Aug  7 13:30 loop6
brw-------  1 root root   7,   7 Aug  7 13:30 loop7
drwxr-xr-x  2 root root       60 Aug  7 13:30 mapper
crw-------  1 root root 253,   0 Aug  7 13:30 media0
crw-------  1 root root   1,   1 Aug  7 13:30 mem
crw-rw-rw-  1 root root   1,   3 Aug  7 13:30 null
crw-------  1 root root  10, 144 Aug  7 13:30 nvram
crw-------  1 root root   1,   4 Aug  7 13:30 port
crw-rw-rw-  1 root root   5,   2 Aug  7 13:30 ptmx
crw-rw-rw-  1 root root   1,   8 Aug  7 13:30 random
crw-------  1 root root  10, 242 Aug  7 13:30 rfkill
crw-------  1 root root 254,   0 Aug  7 13:30 rtc0
crw-------  1 root root  21,   0 Aug  7 13:30 sg0
crw-------  1 root root  10, 231 Aug  7 13:30 snapshot
drwxr-xr-x  2 root root       80 Aug  7 13:30 snd
brw-------  1 root root  11,   0 Aug  7 13:30 sr0
crw-rw-rw-  1 root root   5,   0 Aug  7 13:30 tty
crw-------  1 root root   4,   0 Aug  7 13:30 tty0
crw-------  1 root root   4,   1 Aug  7 13:30 tty1
crw-------  1 root root   4,  10 Aug  7 13:30 tty10
crw-------  1 root root   4,  11 Aug  7 13:30 tty11
crw-------  1 root root   4,  12 Aug  7 13:30 tty12
crw-------  1 root root   4,  13 Aug  7 13:30 tty13
crw-------  1 root root   4,  14 Aug  7 13:30 tty14
crw-------  1 root root   4,  15 Aug  7 13:30 tty15
crw-------  1 root root   4,  16 Aug  7 13:30 tty16
crw-------  1 root root   4,  17 Aug  7 13:30 tty17
crw-------  1 root root   4,  18 Aug  7 13:30 tty18
crw-------  1 root root   4,  19 Aug  7 13:30 tty19
crw-------  1 root root   4,   2 Aug  7 13:30 tty2
crw-------  1 root root   4,  20 Aug  7 13:30 tty20
crw-------  1 root root   4,  21 Aug  7 13:30 tty21
crw-------  1 root root   4,  22 Aug  7 13:30 tty22
crw-------  1 root root   4,  23 Aug  7 13:30 tty23
crw-------  1 root root   4,  24 Aug  7 13:30 tty24
crw-------  1 root root   4,  25 Aug  7 13:30 tty25
crw-------  1 root root   4,  26 Aug  7 13:30 tty26
crw-------  1 root root   4,  27 Aug  7 13:30 tty27
crw-------  1 root root   4,  28 Aug  7 13:30 tty28
crw-------  1 root root   4,  29 Aug  7 13:30 tty29
crw-------  1 root root   4,   3 Aug  7 13:30 tty3
crw-------  1 root root   4,  30 Aug  7 13:30 tty30
crw-------  1 root root   4,  31 Aug  7 13:30 tty31
crw-------  1 root root   4,  32 Aug  7 13:30 tty32
crw-------  1 root root   4,  33 Aug  7 13:30 tty33
crw-------  1 root root   4,  34 Aug  7 13:30 tty34
crw-------  1 root root   4,  35 Aug  7 13:30 tty35
crw-------  1 root root   4,  36 Aug  7 13:30 tty36
crw-------  1 root root   4,  37 Aug  7 13:30 tty37
crw-------  1 root root   4,  38 Aug  7 13:30 tty38
crw-------  1 root root   4,  39 Aug  7 13:30 tty39
crw-------  1 root root   4,   4 Aug  7 13:30 tty4
crw-------  1 root root   4,  40 Aug  7 13:30 tty40
crw-------  1 root root   4,  41 Aug  7 13:30 tty41
crw-------  1 root root   4,  42 Aug  7 13:30 tty42
crw-------  1 root root   4,  43 Aug  7 13:30 tty43
crw-------  1 root root   4,  44 Aug  7 13:30 tty44
crw-------  1 root root   4,  45 Aug  7 13:30 tty45
crw-------  1 root root   4,  46 Aug  7 13:30 tty46
crw-------  1 root root   4,  47 Aug  7 13:30 tty47
crw-------  1 root root   4,  48 Aug  7 13:30 tty48
crw-------  1 root root   4,  49 Aug  7 13:30 tty49
crw-------  1 root root   4,   5 Aug  7 13:30 tty5
crw-------  1 root root   4,  50 Aug  7 13:30 tty50
crw-------  1 root root   4,  51 Aug  7 13:30 tty51
crw-------  1 root root   4,  52 Aug  7 13:30 tty52
crw-------  1 root root   4,  53 Aug  7 13:30 tty53
crw-------  1 root root   4,  54 Aug  7 13:30 tty54
crw-------  1 root root   4,  55 Aug  7 13:30 tty55
crw-------  1 root root   4,  56 Aug  7 13:30 tty56
crw-------  1 root root   4,  57 Aug  7 13:30 tty57
crw-------  1 root root   4,  58 Aug  7 13:30 tty58
crw-------  1 root root   4,  59 Aug  7 13:30 tty59
crw-------  1 root root   4,   6 Aug  7 13:30 tty6
crw-------  1 root root   4,  60 Aug  7 13:30 tty60
crw-------  1 root root   4,  61 Aug  7 13:30 tty61
crw-------  1 root root   4,  62 Aug  7 13:30 tty62
crw-------  1 root root   4,  63 Aug  7 13:30 tty63
crw-------  1 root root   4,   7 Aug  7 13:30 tty7
crw-------  1 root root   4,   8 Aug  7 13:30 tty8
crw-------  1 root root   4,   9 Aug  7 13:30 tty9
crw-------  1 root root   4,  64 Aug  7 13:30 ttyS0
crw-------  1 root root   4,  65 Aug  7 13:30 ttyS1
crw-------  1 root root   4,  66 Aug  7 13:30 ttyS2
crw-------  1 root root   4,  67 Aug  7 13:30 ttyS3
crw-rw-rw-  1 root root   1,   9 Aug  7 13:30 urandom
crw-------  1 root root 248,   0 Aug  7 13:30 usbmon0
crw-------  1 root root 248,   1 Aug  7 13:30 usbmon1
crw-------  1 root root 248,   2 Aug  7 13:30 usbmon2
crw-------  1 root root 248,   3 Aug  7 13:30 usbmon3
crw-------  1 root root   7,   0 Aug  7 13:30 vcs
crw-------  1 root root   7,   1 Aug  7 13:30 vcs1
crw-------  1 root root   7, 128 Aug  7 13:30 vcsa
crw-------  1 root root   7, 129 Aug  7 13:30 vcsa1
crw-------  1 root root   7,  64 Aug  7 13:30 vcsu
crw-------  1 root root   7,  65 Aug  7 13:30 vcsu1
crw-------  1 root root  10, 127 Aug  7 13:30 vga_arbiter
crw-------  1 root root  81,   0 Aug  7 13:30 video0
crw-------  1 root root  81,   1 Aug  7 13:30 video1
crw-rw-rw-  1 root root   1,   5 Aug  7 13:30 zero
# ls  cat /dev/video1video1video1            
cat: /dev/video1: Invalid argument
# 