c[?7l[2J[0mSeaBIOS (version rel-1.16.3-0-ga6ed6b701f0a-prebuilt.qemu.org)


iPXE (http://ipxe.org) 00:03.0 CA00 PCI2.10 PnP PMM+7EFD0D70+7EF30D70 CA00
Press Ctrl-B to configure iPXE (PCI 00:03.0)...                                                                               


Booting from ROM...
c[?7l[2J[    0.000000] Linux version 6.10.0 (dbydd@dbyddlaptop) (gcc (Ubuntu 13.2.0-23ubuntu4) 13.2.0, GNU ld (GNU Binutils for Ubuntu) 2.42) #6 SMP PREEMPT_DYNAMIC Fri Jul 19 10:59:53 HKT 2024
[    0.000000] Command line: root=/dev/root ro rootfstype=9p rootflags=trans=virtio console=ttyS0 init=/bin/sh
[    0.000000] BIOS-provided physical RAM map:
[    0.000000] BIOS-e820: [mem 0x0000000000000000-0x000000000009fbff] usable
[    0.000000] BIOS-e820: [mem 0x000000000009fc00-0x000000000009ffff] reserved
[    0.000000] BIOS-e820: [mem 0x00000000000f0000-0x00000000000fffff] reserved
[    0.000000] BIOS-e820: [mem 0x0000000000100000-0x000000007ffdffff] usable
[    0.000000] BIOS-e820: [mem 0x000000007ffe0000-0x000000007fffffff] reserved
[    0.000000] BIOS-e820: [mem 0x00000000fffc0000-0x00000000ffffffff] reserved
[    0.000000] BIOS-e820: [mem 0x000000fd00000000-0x000000ffffffffff] reserved
[    0.000000] NX (Execute Disable) protection: active
[    0.000000] APIC: Static calls initialized
[    0.000000] SMBIOS 2.8 present.
[    0.000000] DMI: QEMU Standard PC (i440FX + PIIX, 1996), BIOS rel-1.16.3-0-ga6ed6b701f0a-prebuilt.qemu.org 04/01/2014
[    0.000000] DMI: Memory slots populated: 1/1
[    0.000000] tsc: Fast TSC calibration using PIT
[    0.000000] tsc: Detected 2419.207 MHz processor
[    0.004124] last_pfn = 0x7ffe0 max_arch_pfn = 0x400000000
[    0.004674] MTRR map: 4 entries (3 fixed + 1 variable; max 19), built from 8 variable MTRRs
[    0.004804] x86/PAT: Configuration [0-7]: WB  WC  UC- UC  WB  WP  UC- WT  
[    0.013197] found SMP MP-table at [mem 0x000f5460-0x000f546f]
[    0.016316] ACPI: Early table checksum verification disabled
[    0.016528] ACPI: RSDP 0x00000000000F5280 000014 (v00 BOCHS )
[    0.016707] ACPI: RSDT 0x000000007FFE1CBA 000034 (v01 BOCHS  BXPC     00000001 BXPC 00000001)
[    0.017039] ACPI: FACP 0x000000007FFE1B6E 000074 (v01 BOCHS  BXPC     00000001 BXPC 00000001)
[    0.017416] ACPI: DSDT 0x000000007FFE0040 001B2E (v01 BOCHS  BXPC     00000001 BXPC 00000001)
[    0.017467] ACPI: FACS 0x000000007FFE0000 000040
[    0.017495] ACPI: APIC 0x000000007FFE1BE2 000078 (v03 BOCHS  BXPC     00000001 BXPC 00000001)
[    0.017507] ACPI: HPET 0x000000007FFE1C5A 000038 (v01 BOCHS  BXPC     00000001 BXPC 00000001)
[    0.017516] ACPI: WAET 0x000000007FFE1C92 000028 (v01 BOCHS  BXPC     00000001 BXPC 00000001)
[    0.017560] ACPI: Reserving FACP table memory at [mem 0x7ffe1b6e-0x7ffe1be1]
[    0.017588] ACPI: Reserving DSDT table memory at [mem 0x7ffe0040-0x7ffe1b6d]
[    0.017592] ACPI: Reserving FACS table memory at [mem 0x7ffe0000-0x7ffe003f]
[    0.017595] ACPI: Reserving APIC table memory at [mem 0x7ffe1be2-0x7ffe1c59]
[    0.017598] ACPI: Reserving HPET table memory at [mem 0x7ffe1c5a-0x7ffe1c91]
[    0.017601] ACPI: Reserving WAET table memory at [mem 0x7ffe1c92-0x7ffe1cb9]
[    0.018757] No NUMA configuration found
[    0.018769] Faking a node at [mem 0x0000000000000000-0x000000007ffdffff]
[    0.019070] NODE_DATA(0) allocated [mem 0x7ffdc000-0x7ffdffff]
[    0.020268] Zone ranges:
[    0.020282]   DMA      [mem 0x0000000000001000-0x0000000000ffffff]
[    0.020325]   DMA32    [mem 0x0000000001000000-0x000000007ffdffff]
[    0.020331]   Normal   empty
[    0.020344] Movable zone start for each node
[    0.020358] Early memory node ranges
[    0.020376]   node   0: [mem 0x0000000000001000-0x000000000009efff]
[    0.020478]   node   0: [mem 0x0000000000100000-0x000000007ffdffff]
[    0.020584] Initmem setup node 0 [mem 0x0000000000001000-0x000000007ffdffff]
[    0.021409] On node 0, zone DMA: 1 pages in unavailable ranges
[    0.021546] On node 0, zone DMA: 97 pages in unavailable ranges
[    0.037065] On node 0, zone DMA32: 32 pages in unavailable ranges
[    0.037427] ACPI: PM-Timer IO Port: 0x608
[    0.037639] ACPI: LAPIC_NMI (acpi_id[0xff] dfl dfl lint[0x1])
[    0.037873] IOAPIC[0]: apic_id 0, version 32, address 0xfec00000, GSI 0-23
[    0.037948] ACPI: INT_SRC_OVR (bus 0 bus_irq 0 global_irq 2 dfl dfl)
[    0.038097] ACPI: INT_SRC_OVR (bus 0 bus_irq 5 global_irq 5 high level)
[    0.038126] ACPI: INT_SRC_OVR (bus 0 bus_irq 9 global_irq 9 high level)
[    0.038176] ACPI: INT_SRC_OVR (bus 0 bus_irq 10 global_irq 10 high level)
[    0.038180] ACPI: INT_SRC_OVR (bus 0 bus_irq 11 global_irq 11 high level)
[    0.038296] ACPI: Using ACPI (MADT) for SMP configuration information
[    0.038320] ACPI: HPET id: 0x8086a201 base: 0xfed00000
[    0.038531] CPU topo: Max. logical packages:   1
[    0.038538] CPU topo: Max. logical dies:       1
[    0.038543] CPU topo: Max. dies per package:   1
[    0.038570] CPU topo: Max. threads per core:   1
[    0.038667] CPU topo: Num. cores per package:     1
[    0.038676] CPU topo: Num. threads per package:   1
[    0.038681] CPU topo: Allowing 1 present CPUs plus 0 hotplug CPUs
[    0.039170] PM: hibernation: Registered nosave memory: [mem 0x00000000-0x00000fff]
[    0.039192] PM: hibernation: Registered nosave memory: [mem 0x0009f000-0x0009ffff]
[    0.039207] PM: hibernation: Registered nosave memory: [mem 0x000a0000-0x000effff]
[    0.039211] PM: hibernation: Registered nosave memory: [mem 0x000f0000-0x000fffff]
[    0.039278] [mem 0x80000000-0xfffbffff] available for PCI devices
[    0.039306] Booting paravirtualized kernel on bare hardware
[    0.039467] clocksource: refined-jiffies: mask: 0xffffffff max_cycles: 0xffffffff, max_idle_ns: 1910969940391419 ns
[    0.046968] setup_percpu: NR_CPUS:64 nr_cpumask_bits:1 nr_cpu_ids:1 nr_node_ids:1
[    0.047974] percpu: Embedded 58 pages/cpu s199384 r8192 d29992 u2097152
[    0.049139] Kernel command line: root=/dev/root ro rootfstype=9p rootflags=trans=virtio console=ttyS0 init=/bin/sh
[    0.050241] Dentry cache hash table entries: 262144 (order: 9, 2097152 bytes, linear)
[    0.050449] Inode-cache hash table entries: 131072 (order: 8, 1048576 bytes, linear)
[    0.051966] Fallback order for Node 0: 0 
[    0.052205] Built 1 zonelists, mobility grouping on.  Total pages: 524158
[    0.052218] Policy zone: DMA32
[    0.052360] mem auto-init: stack:off, heap alloc:off, heap free:off
[    0.059839] Memory: 2018576K/2096632K available (18432K kernel code, 3068K rwdata, 7568K rodata, 2828K init, 2660K bss, 77796K reserved, 0K cma-reserved)
[    0.061678] SLUB: HWalign=64, Order=0-3, MinObjects=0, CPUs=1, Nodes=1
[    0.068299] Dynamic Preempt: voluntary
[    0.070474] rcu: Preemptible hierarchical RCU implementation.
[    0.070482] rcu: 	RCU event tracing is enabled.
[    0.070498] rcu: 	RCU restricting CPUs from NR_CPUS=64 to nr_cpu_ids=1.
[    0.070584] 	Trampoline variant of Tasks RCU enabled.
[    0.070589] 	Tracing variant of Tasks RCU enabled.
[    0.070645] rcu: RCU calculated value of scheduler-enlistment delay is 100 jiffies.
[    0.070661] rcu: Adjusting geometry for rcu_fanout_leaf=16, nr_cpu_ids=1
[    0.071380] RCU Tasks: Setting shift to 0 and lim to 1 rcu_task_cb_adjust=1.
[    0.071393] RCU Tasks Trace: Setting shift to 0 and lim to 1 rcu_task_cb_adjust=1.
[    0.077755] NR_IRQS: 4352, nr_irqs: 256, preallocated irqs: 16
[    0.083251] rcu: srcu_init: Setting srcu_struct sizes based on contention.
[    0.086983] Console: colour VGA+ 80x25
[    0.089040] printk: legacy console [ttyS0] enabled
[    0.094741] ACPI: Core revision 20240322
[    0.098936] clocksource: hpet: mask: 0xffffffff max_cycles: 0xffffffff, max_idle_ns: 19112604467 ns
[    0.100596] APIC: Switch to symmetric I/O mode setup
[    0.106366] ..TIMER: vector=0x30 apic1=0 pin1=2 apic2=-1 pin2=-1
[    0.111331] clocksource: tsc-early: mask: 0xffffffffffffffff max_cycles: 0x22df17d199e, max_idle_ns: 440795287054 ns
[    0.111721] Calibrating delay loop (skipped), value calculated using timer frequency.. 4838.41 BogoMIPS (lpj=2419207)
[    0.114447] Last level iTLB entries: 4KB 512, 2MB 255, 4MB 127
[    0.114530] Last level dTLB entries: 4KB 512, 2MB 255, 4MB 127, 1GB 0
[    0.114789] Spectre V1 : Mitigation: usercopy/swapgs barriers and __user pointer sanitization
[    0.114962] Spectre V2 : Mitigation: Retpolines
[    0.115037] Spectre V2 : Spectre v2 / SpectreRSB mitigation: Filling RSB on context switch
[    0.115132] Spectre V2 : Spectre v2 / SpectreRSB : Filling RSB on VMEXIT
[    0.115766] x86/fpu: x87 FPU will use FXSAVE
[    0.370358] Freeing SMP alternatives memory: 52K
[    0.370839] pid_max: default: 32768 minimum: 301
[    0.374068] LSM: initializing lsm=capability,selinux,bpf
[    0.374531] SELinux:  Initializing.
[    0.374925] LSM support for eBPF active
[    0.379431] Mount-cache hash table entries: 4096 (order: 3, 32768 bytes, linear)
[    0.379513] Mountpoint-cache hash table entries: 4096 (order: 3, 32768 bytes, linear)
[    0.500513] smpboot: CPU0: AMD QEMU Virtual CPU version 2.5+ (family: 0xf, model: 0x6b, stepping: 0x1)
[    0.505993] Performance Events: PMU not available due to virtualization, using software events only.
[    0.507034] signal: max sigframe size: 1440
[    0.507828] rcu: Hierarchical SRCU implementation.
[    0.507905] rcu: 	Max phase no-delay instances is 400.
[    0.511761] smp: Bringing up secondary CPUs ...
[    0.513116] smp: Brought up 1 node, 1 CPU
[    0.513271] smpboot: Total of 1 processors activated (4838.41 BogoMIPS)
[    0.523061] devtmpfs: initialized
[    0.528785] clocksource: jiffies: mask: 0xffffffff max_cycles: 0xffffffff, max_idle_ns: 1911260446275000 ns
[    0.529123] futex hash table entries: 256 (order: 2, 16384 bytes, linear)
[    0.531321] PM: RTC time: 05:37:42, date: 2024-07-21
[    0.538561] NET: Registered PF_NETLINK/PF_ROUTE protocol family
[    0.540790] audit: initializing netlink subsys (disabled)
[    0.542035] audit: type=2000 audit(1721540261.440:1): state=initialized audit_enabled=0 res=1
[    0.544607] thermal_sys: Registered thermal governor 'step_wise'
[    0.544630] thermal_sys: Registered thermal governor 'user_space'
[    0.545049] cpuidle: using governor menu
[    0.547641] PCI: Using configuration type 1 for base access
[    0.548991] kprobes: kprobe jump-optimization is enabled. All kprobes are optimized if possible.
[    0.554938] HugeTLB: registered 2.00 MiB page size, pre-allocated 0 pages
[    0.555071] HugeTLB: 28 KiB vmemmap can be freed for a 2.00 MiB page
[    0.557657] Demotion targets for Node 0: null
[    0.562995] ACPI: Added _OSI(Module Device)
[    0.563072] ACPI: Added _OSI(Processor Device)
[    0.563117] ACPI: Added _OSI(3.0 _SCP Extensions)
[    0.563159] ACPI: Added _OSI(Processor Aggregator Device)
[    0.580067] ACPI: 1 ACPI AML tables successfully acquired and loaded
[    0.603431] ACPI: Interpreter enabled
[    0.604148] ACPI: PM: (supports S0 S3 S4 S5)
[    0.604223] ACPI: Using IOAPIC for interrupt routing
[    0.605668] PCI: Using host bridge windows from ACPI; if necessary, use "pci=nocrs" and report a bug
[    0.605763] PCI: Using E820 reservations for host bridge windows
[    0.606585] ACPI: Enabled 2 GPEs in block 00 to 0F
[    0.645172] ACPI: PCI Root Bridge [PCI0] (domain 0000 [bus 00-ff])
[    0.645693] acpi PNP0A03:00: _OSC: OS supports [ASPM ClockPM Segments MSI HPX-Type3]
[    0.645900] acpi PNP0A03:00: _OSC: not requesting OS control; OS requires [ExtendedConfig ASPM ClockPM MSI]
[    0.646419] acpi PNP0A03:00: fail to add MMCONFIG information, can't access extended configuration space under this bridge
[    0.650323] PCI host bridge to bus 0000:00
[    0.656597] pci_bus 0000:00: root bus resource [io  0x0000-0x0cf7 window]
[    0.656746] pci_bus 0000:00: root bus resource [io  0x0d00-0xffff window]
[    0.656806] pci_bus 0000:00: root bus resource [mem 0x000a0000-0x000bffff window]
[    0.656904] pci_bus 0000:00: root bus resource [mem 0x80000000-0xfebfffff window]
[    0.656976] pci_bus 0000:00: root bus resource [mem 0x100000000-0x17fffffff window]
[    0.657205] pci_bus 0000:00: root bus resource [bus 00-ff]
[    0.658398] pci 0000:00:00.0: [8086:1237] type 00 class 0x060000 conventional PCI endpoint
[    0.661229] pci 0000:00:01.0: [8086:7000] type 00 class 0x060100 conventional PCI endpoint
[    0.661762] pci 0000:00:01.1: [8086:7010] type 00 class 0x010180 conventional PCI endpoint
[    0.663265] pci 0000:00:01.1: BAR 4 [io  0xc0a0-0xc0af]
[    0.664285] pci 0000:00:01.1: BAR 0 [io  0x01f0-0x01f7]: legacy IDE quirk
[    0.664380] pci 0000:00:01.1: BAR 1 [io  0x03f6]: legacy IDE quirk
[    0.664457] pci 0000:00:01.1: BAR 2 [io  0x0170-0x0177]: legacy IDE quirk
[    0.664531] pci 0000:00:01.1: BAR 3 [io  0x0376]: legacy IDE quirk
[    0.670175] pci 0000:00:01.2: [8086:7020] type 00 class 0x0c0300 conventional PCI endpoint
[    0.671513] pci 0000:00:01.2: BAR 4 [io  0xc080-0xc09f]
[    0.680108] pci 0000:00:01.3: [8086:7113] type 00 class 0x068000 conventional PCI endpoint
[    0.680442] pci 0000:00:01.3: quirk: [io  0x0600-0x063f] claimed by PIIX4 ACPI
[    0.680548] pci 0000:00:01.3: quirk: [io  0x0700-0x070f] claimed by PIIX4 SMB
[    0.687424] pci 0000:00:02.0: [1234:1111] type 00 class 0x030000 conventional PCI endpoint
[    0.687870] pci 0000:00:02.0: BAR 0 [mem 0xfd000000-0xfdffffff pref]
[    0.688513] pci 0000:00:02.0: BAR 2 [mem 0xfebf4000-0xfebf4fff]
[    0.690441] pci 0000:00:02.0: ROM [mem 0xfebe0000-0xfebeffff pref]
[    0.690599] pci 0000:00:02.0: Video device with shadowed ROM at [mem 0x000c0000-0x000dffff]
[    0.691034] pci 0000:00:03.0: [8086:100e] type 00 class 0x020000 conventional PCI endpoint
[    0.691770] pci 0000:00:03.0: BAR 0 [mem 0xfebc0000-0xfebdffff]
[    0.692311] pci 0000:00:03.0: BAR 1 [io  0xc000-0xc03f]
[    0.695112] pci 0000:00:03.0: ROM [mem 0xfeb80000-0xfebbffff pref]
[    0.701811] pci 0000:00:04.0: [1b36:000d] type 00 class 0x0c0330 conventional PCI endpoint
[    0.702116] pci 0000:00:04.0: BAR 0 [mem 0xfebf0000-0xfebf3fff 64bit]
[    0.709842] pci 0000:00:05.0: [1af4:1009] type 00 class 0x000200 conventional PCI endpoint
[    0.710375] pci 0000:00:05.0: BAR 0 [io  0xc040-0xc07f]
[    0.710799] pci 0000:00:05.0: BAR 1 [mem 0xfebf5000-0xfebf5fff]
[    0.712529] pci 0000:00:05.0: BAR 4 [mem 0xfe000000-0xfe003fff 64bit pref]
[    0.722866] ACPI: PCI: Interrupt link LNKA configured for IRQ 10
[    0.723276] ACPI: PCI: Interrupt link LNKB configured for IRQ 10
[    0.723608] ACPI: PCI: Interrupt link LNKC configured for IRQ 11
[    0.723863] ACPI: PCI: Interrupt link LNKD configured for IRQ 11
[    0.724006] ACPI: PCI: Interrupt link LNKS configured for IRQ 9
[    0.732012] iommu: Default domain type: Translated
[    0.732100] iommu: DMA domain TLB invalidation policy: lazy mode
[    0.732887] SCSI subsystem initialized
[    0.733925] ACPI: bus type USB registered
[    0.734165] usbcore: registered new interface driver usbfs
[    0.734379] usbcore: registered new interface driver hub
[    0.734625] usbcore: registered new device driver usb
[    0.734913] pps_core: LinuxPPS API ver. 1 registered
[    0.734965] pps_core: Software ver. 5.3.6 - Copyright 2005-2007 Rodolfo Giometti <giometti@linux.it>
[    0.735193] PTP clock support registered
[    0.741182] Advanced Linux Sound Architecture Driver Initialized.
[    0.753332] NetLabel: Initializing
[    0.753403] NetLabel:  domain hash size = 128
[    0.753439] NetLabel:  protocols = UNLABELED CIPSOv4 CALIPSO
[    0.754047] NetLabel:  unlabeled traffic allowed by default
[    0.764249] PCI: Using ACPI for IRQ routing
[    0.765626] pci 0000:00:02.0: vgaarb: setting as boot VGA device
[    0.765731] pci 0000:00:02.0: vgaarb: bridge control possible
[    0.765814] pci 0000:00:02.0: vgaarb: VGA device added: decodes=io+mem,owns=io+mem,locks=none
[    0.765904] vgaarb: loaded
[    0.766973] hpet: 3 channels of 0 reserved for per-cpu timers
[    0.767241] hpet0: at MMIO 0xfed00000, IRQs 2, 8, 0
[    0.767353] hpet0: 3 comparators, 64-bit 100.000000 MHz counter
[    0.776163] clocksource: Switched to clocksource tsc-early
[    0.777702] VFS: Disk quotas dquot_6.6.0
[    0.777840] VFS: Dquot-cache hash table entries: 512 (order 0, 4096 bytes)
[    0.779129] pnp: PnP ACPI init
[    0.786192] pnp: PnP ACPI: found 6 devices
[    0.815384] clocksource: acpi_pm: mask: 0xffffff max_cycles: 0xffffff, max_idle_ns: 2085701024 ns
[    0.819932] NET: Registered PF_INET protocol family
[    0.820813] IP idents hash table entries: 32768 (order: 6, 262144 bytes, linear)
[    0.830150] tcp_listen_portaddr_hash hash table entries: 1024 (order: 2, 16384 bytes, linear)
[    0.830424] Table-perturb hash table entries: 65536 (order: 6, 262144 bytes, linear)
[    0.830794] TCP established hash table entries: 16384 (order: 5, 131072 bytes, linear)
[    0.830998] TCP bind hash table entries: 16384 (order: 7, 524288 bytes, linear)
[    0.831249] TCP: Hash tables configured (established 16384 bind 16384)
[    0.831771] UDP hash table entries: 1024 (order: 3, 32768 bytes, linear)
[    0.831974] UDP-Lite hash table entries: 1024 (order: 3, 32768 bytes, linear)
[    0.837582] NET: Registered PF_UNIX/PF_LOCAL protocol family
[    0.839574] RPC: Registered named UNIX socket transport module.
[    0.839724] RPC: Registered udp transport module.
[    0.839784] RPC: Registered tcp transport module.
[    0.839830] RPC: Registered tcp-with-tls transport module.
[    0.839886] RPC: Registered tcp NFSv4.1 backchannel transport module.
[    0.846812] pci_bus 0000:00: resource 4 [io  0x0000-0x0cf7 window]
[    0.846901] pci_bus 0000:00: resource 5 [io  0x0d00-0xffff window]
[    0.846941] pci_bus 0000:00: resource 6 [mem 0x000a0000-0x000bffff window]
[    0.846981] pci_bus 0000:00: resource 7 [mem 0x80000000-0xfebfffff window]
[    0.847025] pci_bus 0000:00: resource 8 [mem 0x100000000-0x17fffffff window]
[    0.847388] pci 0000:00:01.0: PIIX3: Enabling Passive Release
[    0.847495] pci 0000:00:00.0: Limiting direct PCI/PCI transfers
[    0.972867] ACPI: \_SB_.LNKD: Enabled at IRQ 11
[    1.092946] pci 0000:00:01.2: quirk_usb_early_handoff+0x0/0x7a0 took 239598 usecs
[    1.286604] pci 0000:00:04.0: quirk_usb_early_handoff+0x0/0x7a0 took 188531 usecs
[    1.286783] PCI: CLS 0 bytes, default 64
[    1.294324] Initialise system trusted keyrings
[    1.295638] workingset: timestamp_bits=56 max_order=19 bucket_order=0
[    1.297400] NFS: Registering the id_resolver key type
[    1.297695] Key type id_resolver registered
[    1.297753] Key type id_legacy registered
[    1.298244] 9p: Installing v9fs 9p2000 file system support
[    1.343615] Key type asymmetric registered
[    1.343712] Asymmetric key parser 'x509' registered
[    1.343996] Block layer SCSI generic (bsg) driver version 0.4 loaded (major 251)
[    1.344461] io scheduler mq-deadline registered
[    1.344575] io scheduler kyber registered
[    1.346892] input: Power Button as /devices/LNXSYSTM:00/LNXPWRBN:00/input/input0
[    1.350082] ACPI: button: Power Button [PWRF]
[    1.415844] ACPI: \_SB_.LNKA: Enabled at IRQ 10
[    1.418617] Serial: 8250/16550 driver, 4 ports, IRQ sharing enabled
[    1.421661] 00:04: ttyS0 at I/O 0x3f8 (irq = 4, base_baud = 115200) is a 16550A
[    1.425476] Non-volatile memory driver v1.3
[    1.425580] Linux agpgart interface v0.103
[    1.426461] ACPI: bus type drm_connector registered
[    1.437049] loop: module loaded
[    1.442594] scsi host0: ata_piix
[    1.443548] scsi host1: ata_piix
[    1.443848] ata1: PATA max MWDMA2 cmd 0x1f0 ctl 0x3f6 bmdma 0xc0a0 irq 14 lpm-pol 0
[    1.443929] ata2: PATA max MWDMA2 cmd 0x170 ctl 0x376 bmdma 0xc0a8 irq 15 lpm-pol 0
[    1.448190] e100: Intel(R) PRO/100 Network Driver
[    1.448250] e100: Copyright(c) 1999-2006 Intel Corporation
[    1.448334] e1000: Intel(R) PRO/1000 Network Driver
[    1.448407] e1000: Copyright (c) 1999-2006 Intel Corporation.
[    1.511465] ACPI: \_SB_.LNKC: Enabled at IRQ 11
[    1.598787] ata2: found unknown device (class 0)
[    1.607004] ata2.00: ATAPI: QEMU DVD-ROM, 2.5+, max UDMA/100
[    1.621995] scsi 1:0:0:0: CD-ROM            QEMU     QEMU DVD-ROM     2.5+ PQ: 0 ANSI: 5
[    1.649878] sr 1:0:0:0: [sr0] scsi3-mmc drive: 4x/4x cd/rw xa/form2 tray
[    1.650115] cdrom: Uniform CD-ROM driver Revision: 3.20
[    1.663901] sr 1:0:0:0: Attached scsi generic sg0 type 5
[    1.824661] e1000 0000:00:03.0 eth0: (PCI:33MHz:32-bit) 52:54:00:12:34:56
[    1.825039] e1000 0000:00:03.0 eth0: Intel(R) PRO/1000 Network Connection
[    1.825646] e1000e: Intel(R) PRO/1000 Network Driver
[    1.825715] e1000e: Copyright(c) 1999 - 2015 Intel Corporation.
[    1.825804] sky2: driver version 1.30
[    1.891454] uhci_hcd 0000:00:01.2: UHCI Host Controller
[    1.892395] uhci_hcd 0000:00:01.2: new USB bus registered, assigned bus number 1
[    1.892788] uhci_hcd 0000:00:01.2: detected 2 ports
[    1.893179] uhci_hcd 0000:00:01.2: irq 11, io port 0x0000c080
[    1.896406] usb usb1: New USB device found, idVendor=1d6b, idProduct=0001, bcdDevice= 6.10
[    1.896509] usb usb1: New USB device strings: Mfr=3, Product=2, SerialNumber=1
[    1.896571] usb usb1: Product: UHCI Host Controller
[    1.896625] usb usb1: Manufacturer: Linux 6.10.0 uhci_hcd
[    1.896672] usb usb1: SerialNumber: 0000:00:01.2
[    1.898902] hub 1-0:1.0: USB hub found
[    1.899362] hub 1-0:1.0: 2 ports detected
[    1.965820] xhci_hcd 0000:00:04.0: xHCI Host Controller
[    1.966388] xhci_hcd 0000:00:04.0: new USB bus registered, assigned bus number 2
[    1.968424] xhci_hcd 0000:00:04.0: hcc params 0x00087001 hci version 0x100 quirks 0x0000000000000010
[    1.973094] xhci_hcd 0000:00:04.0: xHCI Host Controller
[    1.973654] xhci_hcd 0000:00:04.0: new USB bus registered, assigned bus number 3
[    1.973857] xhci_hcd 0000:00:04.0: Host supports USB 3.0 SuperSpeed
[    1.974630] usb usb2: New USB device found, idVendor=1d6b, idProduct=0002, bcdDevice= 6.10
[    1.974856] usb usb2: New USB device strings: Mfr=3, Product=2, SerialNumber=1
[    1.974909] usb usb2: Product: xHCI Host Controller
[    1.974960] usb usb2: Manufacturer: Linux 6.10.0 xhci-hcd
[    1.975013] usb usb2: SerialNumber: 0000:00:04.0
[    1.976032] hub 2-0:1.0: USB hub found
[    1.976311] hub 2-0:1.0: 4 ports detected
[    1.977724] usb usb3: We don't know the algorithms for LPM for this host, disabling LPM.
[    1.978043] usb usb3: New USB device found, idVendor=1d6b, idProduct=0003, bcdDevice= 6.10
[    1.978111] usb usb3: New USB device strings: Mfr=3, Product=2, SerialNumber=1
[    1.978218] usb usb3: Product: xHCI Host Controller
[    1.978285] usb usb3: Manufacturer: Linux 6.10.0 xhci-hcd
[    1.978380] usb usb3: SerialNumber: 0000:00:04.0
[    1.978889] hub 3-0:1.0: USB hub found
[    1.979176] hub 3-0:1.0: 4 ports detected
[    1.980400] usbcore: registered new interface driver usblp
[    1.980492] usbcore: registered new interface driver cdc_wdm
[    1.980550] usbcore: registered new interface driver usbtmc
[    1.980694] usbcore: registered new interface driver usb-storage
[    1.981062] usbcore: registered new interface driver usbtest
[    1.981605] i8042: PNP: PS/2 Controller [PNP0303:KBD,PNP0f13:MOU] at 0x60,0x64 irq 1,12
[    1.983634] serio: i8042 KBD port at 0x60,0x64 irq 1
[    1.983807] serio: i8042 AUX port at 0x60,0x64 irq 12
[    1.984658] mousedev: PS/2 mouse device common for all mice
[    1.986270] usbcore: registered new interface driver synaptics_usb
[    1.986507] rtc_cmos 00:05: RTC can wake from S4
[    1.987820] input: AT Translated Set 2 keyboard as /devices/platform/i8042/serio0/input/input1
[    1.990550] rtc_cmos 00:05: registered as rtc0
[    1.992291] rtc_cmos 00:05: alarms up to one day, y3k, 242 bytes nvram, hpet irqs
[    1.992707] fail to initialize ptp_kvm
[    1.994047] device-mapper: ioctl: 4.48.0-ioctl (2023-03-01) initialised: dm-devel@lists.linux.dev
[    1.994390] amd_pstate: the _CPC object is not present in SBIOS or ACPI disabled
[    1.994671] hid: raw HID events driver (C) Jiri Kosina
[    1.996367] usbcore: registered new interface driver usbhid
[    1.996434] usbhid: USB HID core driver
[    2.002482] Initializing XFRM netlink socket
[    2.002892] NET: Registered PF_INET6 protocol family
[    2.007188] Segment Routing with IPv6
[    2.007350] In-situ OAM (IOAM) with IPv6
[    2.008118] sit: IPv6, IPv4 and MPLS over IPv4 tunneling driver
[    2.010067] NET: Registered PF_PACKET protocol family
[    2.010896] 9pnet: Installing 9P2000 support
[    2.013363] Key type dns_resolver registered
[    2.014731] IPI shorthand broadcast: enabled
[    2.026230] sched_clock: Marking stable (2008024999, 17938124)->(2026923560, -960437)
[    2.027578] registered taskstats version 1
[    2.028345] Loading compiled-in X.509 certificates
[    2.034415] Demotion targets for Node 0: null
[    2.036673] PM:   Magic number: 0:693:618
[    2.037348] printk: legacy console [netcon0] enabled
[    2.037459] netconsole: network logging started
[    2.038484] cfg80211: Loading compiled-in X.509 certificates for regulatory database
[    2.043997] kworker/u4:0 (48) used greatest stack depth: 14512 bytes left
[    2.050470] Loaded X.509 cert 'sforshee: 00b28ddf47aef9cea7'
[    2.050872] Loaded X.509 cert 'wens: 61c038651aabdcf94bd0ac7ff06c7248db18c600'
[    2.052376] ALSA device list:
[    2.052551]   No soundcards found.
[    2.053302] platform regulatory.0: Direct firmware load for regulatory.db failed with error -2
[    2.053546] cfg80211: failed to load regulatory.db
[    2.311186] tsc: Refined TSC clocksource calibration: 2419.185 MHz
[    2.311856] clocksource: tsc: mask: 0xffffffffffffffff max_cycles: 0x22df0309918, max_idle_ns: 440795278046 ns
[    2.312299] clocksource: Switched to clocksource tsc
[    2.616163] input: ImExPS/2 Generic Explorer Mouse as /devices/platform/i8042/serio1/input/input3
[    2.617527] md: Waiting for all devices to be available before autodetect
[    2.617624] md: If you don't use raid, use raid=noautodetect
[    2.617734] md: Autodetecting RAID arrays.
[    2.617785] md: autorun ...
[    2.617845] md: ... autorun DONE.
[    2.623933] VFS: Mounted root (9p filesystem) readonly on device 0:19.
[    2.625953] devtmpfs: mounted
[    2.666454] Freeing unused kernel image (initmem) memory: 2828K
[    2.666763] Write protecting the kernel read-only data: 26624k
[    2.667660] Freeing unused kernel image (rodata/data gap) memory: 624K
[    2.765745] x86/mm: Checked W+X mappings: passed, no W+X pages found.
[    2.766099] Run /bin/sh as init process
/bin/sh: 0: can't access tty; job control turned off
# [  132.159053] xhci_hcd 0000:00:04.0: dump trb:
[  132.159230] xhci_hcd 0000:00:04.0: 0
[  132.159296] xhci_hcd 0000:00:04.0: 0
[  132.159344] xhci_hcd 0000:00:04.0: 0
[  132.159384] xhci_hcd 0000:00:04.0: 2401
[  132.276785] usb 2-2: new full-speed USB device number 2 using xhci_hcd
[  132.277363] xhci_hcd 0000:00:04.0: dump trb:
[  132.277408] xhci_hcd 0000:00:04.0: 1fc7000
[  132.277434] xhci_hcd 0000:00:04.0: 0
[  132.277453] xhci_hcd 0000:00:04.0: 0
[  132.277471] xhci_hcd 0000:00:04.0: 1002e01
[  132.278204] xhci_hcd 0000:00:04.0: dump trb:
[  132.278276] xhci_hcd 0000:00:04.0: 1000680
[  132.278302] xhci_hcd 0000:00:04.0: 400000
[  132.278325] xhci_hcd 0000:00:04.0: 8
[  132.278364] xhci_hcd 0000:00:04.0: 30840
[  132.278459] xhci_hcd 0000:00:04.0: dump trb:
[  132.278505] xhci_hcd 0000:00:04.0: 1f9ed40
[  132.278543] xhci_hcd 0000:00:04.0: 0
[  132.278579] xhci_hcd 0000:00:04.0: 40
[  132.278630] xhci_hcd 0000:00:04.0: 10c05
[  132.278690] xhci_hcd 0000:00:04.0: dump trb:
[  132.278737] xhci_hcd 0000:00:04.0: 0
[  132.278777] xhci_hcd 0000:00:04.0: 0
[  132.278816] xhci_hcd 0000:00:04.0: 0
[  132.278860] xhci_hcd 0000:00:04.0: 1021
[  132.396754] xhci_hcd 0000:00:04.0: dump trb:
[  132.396891] xhci_hcd 0000:00:04.0: 0
[  132.396946] xhci_hcd 0000:00:04.0: 0
[  132.396988] xhci_hcd 0000:00:04.0: 0
[  132.397061] xhci_hcd 0000:00:04.0: 1004401
[  132.397698] xhci_hcd 0000:00:04.0: dump trb:
[  132.397782] xhci_hcd 0000:00:04.0: 1fc7000
[  132.397843] xhci_hcd 0000:00:04.0: 0
[  132.397907] xhci_hcd 0000:00:04.0: 0
[  132.397980] xhci_hcd 0000:00:04.0: 1002c01
[  132.410665] xhci_hcd 0000:00:04.0: slot ctx=================================================================
[  132.410785] xhci_hcd 0000:00:04.0: slot_ctx:devinfo: 8100000
[  132.410837] xhci_hcd 0000:00:04.0: slot_ctx:devinfo2: 60000
[  132.410885] xhci_hcd 0000:00:04.0: slot_ctx:ttinfo: 0
[  132.410944] xhci_hcd 0000:00:04.0: slot_ctx:dev_state: 0
[  132.411015] xhci_hcd 0000:00:04.0: ctrl ctx=================================================================
[  132.411189] xhci_hcd 0000:00:04.0: ctrl_ctx:add_flags: 2
[  132.411260] xhci_hcd 0000:00:04.0: ctrl_ctx:drop_flags: 0
[  132.411312] xhci_hcd 0000:00:04.0: ctrl_ctx:rsvd 0: 0
[  132.411357] xhci_hcd 0000:00:04.0: ctrl_ctx:rsvd 1: 0
[  132.411392] xhci_hcd 0000:00:04.0: ctrl_ctx:rsvd 2: 0
[  132.411444] xhci_hcd 0000:00:04.0: ctrl_ctx:rsvd 3: 0
[  132.411500] xhci_hcd 0000:00:04.0: ctrl_ctx:rsvd 4: 0
[  132.411554] xhci_hcd 0000:00:04.0: ctrl_ctx:rsvd 5: 0
[  132.411612] xhci_hcd 0000:00:04.0: endpoint 0=================================================================
[  132.411686] xhci_hcd 0000:00:04.0: deque_32: 1fc8031
[  132.411751] xhci_hcd 0000:00:04.0: ep_info2_32: 80026
[  132.411822] xhci_hcd 0000:00:04.0: ep_info1_32: 0
[  132.411882] xhci_hcd 0000:00:04.0: tx_info_32: 0
[  132.411946] xhci_hcd 0000:00:04.0: deque_ptr_64: 1fc8031
[  132.412019] xhci_hcd 0000:00:04.0: endpoint 1=================================================================
[  132.412099] xhci_hcd 0000:00:04.0: deque_32: 0
[  132.412151] xhci_hcd 0000:00:04.0: ep_info2_32: 0
[  132.412204] xhci_hcd 0000:00:04.0: ep_info1_32: 0
[  132.412241] xhci_hcd 0000:00:04.0: tx_info_32: 0
[  132.412274] xhci_hcd 0000:00:04.0: deque_ptr_64: 0
[  132.412307] xhci_hcd 0000:00:04.0: endpoint 2=================================================================
[  132.412370] xhci_hcd 0000:00:04.0: deque_32: 0
[  132.412418] xhci_hcd 0000:00:04.0: ep_info2_32: 0
[  132.412476] xhci_hcd 0000:00:04.0: ep_info1_32: 0
[  132.412519] xhci_hcd 0000:00:04.0: tx_info_32: 0
[  132.412571] xhci_hcd 0000:00:04.0: deque_ptr_64: 0
[  132.412624] xhci_hcd 0000:00:04.0: endpoint 3=================================================================
[  132.412688] xhci_hcd 0000:00:04.0: deque_32: 0
[  132.412723] xhci_hcd 0000:00:04.0: ep_info2_32: 0
[  132.412761] xhci_hcd 0000:00:04.0: ep_info1_32: 0
[  132.412810] xhci_hcd 0000:00:04.0: tx_info_32: 0
[  132.412849] xhci_hcd 0000:00:04.0: deque_ptr_64: 0
[  132.412904] xhci_hcd 0000:00:04.0: endpoint 4=================================================================
[  132.412986] xhci_hcd 0000:00:04.0: deque_32: 0
[  132.413014] xhci_hcd 0000:00:04.0: ep_info2_32: 0
[  132.413042] xhci_hcd 0000:00:04.0: ep_info1_32: 0
[  132.413068] xhci_hcd 0000:00:04.0: tx_info_32: 0
[  132.413093] xhci_hcd 0000:00:04.0: deque_ptr_64: 0
[  132.413127] xhci_hcd 0000:00:04.0: endpoint 5=================================================================
[  132.413194] xhci_hcd 0000:00:04.0: deque_32: 0
[  132.413231] xhci_hcd 0000:00:04.0: ep_info2_32: 0
[  132.413273] xhci_hcd 0000:00:04.0: ep_info1_32: 0
[  132.413318] xhci_hcd 0000:00:04.0: tx_info_32: 0
[  132.413363] xhci_hcd 0000:00:04.0: deque_ptr_64: 0
[  132.413393] xhci_hcd 0000:00:04.0: endpoint 6=================================================================
[  132.413444] xhci_hcd 0000:00:04.0: deque_32: 0
[  132.413484] xhci_hcd 0000:00:04.0: ep_info2_32: 0
[  132.413528] xhci_hcd 0000:00:04.0: ep_info1_32: 0
[  132.413578] xhci_hcd 0000:00:04.0: tx_info_32: 0
[  132.413622] xhci_hcd 0000:00:04.0: deque_ptr_64: 0
[  132.413665] xhci_hcd 0000:00:04.0: endpoint 7=================================================================
[  132.413727] xhci_hcd 0000:00:04.0: deque_32: 0
[  132.413755] xhci_hcd 0000:00:04.0: ep_info2_32: 0
[  132.413780] xhci_hcd 0000:00:04.0: ep_info1_32: 0
[  132.413805] xhci_hcd 0000:00:04.0: tx_info_32: 0
[  132.413829] xhci_hcd 0000:00:04.0: deque_ptr_64: 0
[  132.413856] xhci_hcd 0000:00:04.0: endpoint 8=================================================================
[  132.413902] xhci_hcd 0000:00:04.0: deque_32: 0
[  132.413927] xhci_hcd 0000:00:04.0: ep_info2_32: 0
[  132.413952] xhci_hcd 0000:00:04.0: ep_info1_32: 0
[  132.413977] xhci_hcd 0000:00:04.0: tx_info_32: 0
[  132.414002] xhci_hcd 0000:00:04.0: deque_ptr_64: 0
[  132.414027] xhci_hcd 0000:00:04.0: endpoint 9=================================================================
[  132.414074] xhci_hcd 0000:00:04.0: deque_32: 0
[  132.414100] xhci_hcd 0000:00:04.0: ep_info2_32: 0
[  132.414128] xhci_hcd 0000:00:04.0: ep_info1_32: 0
[  132.414167] xhci_hcd 0000:00:04.0: tx_info_32: 0
[  132.414208] xhci_hcd 0000:00:04.0: deque_ptr_64: 0
[  132.414249] xhci_hcd 0000:00:04.0: endpoint 10=================================================================
[  132.414309] xhci_hcd 0000:00:04.0: deque_32: 0
[  132.414349] xhci_hcd 0000:00:04.0: ep_info2_32: 0
[  132.414392] xhci_hcd 0000:00:04.0: ep_info1_32: 0
[  132.414436] xhci_hcd 0000:00:04.0: tx_info_32: 0
[  132.414479] xhci_hcd 0000:00:04.0: deque_ptr_64: 0
[  132.414522] xhci_hcd 0000:00:04.0: endpoint 11=================================================================
[  132.414600] xhci_hcd 0000:00:04.0: deque_32: 0
[  132.414641] xhci_hcd 0000:00:04.0: ep_info2_32: 0
[  132.414682] xhci_hcd 0000:00:04.0: ep_info1_32: 0
[  132.414714] xhci_hcd 0000:00:04.0: tx_info_32: 0
[  132.414756] xhci_hcd 0000:00:04.0: deque_ptr_64: 0
[  132.414788] xhci_hcd 0000:00:04.0: endpoint 12=================================================================
[  132.414838] xhci_hcd 0000:00:04.0: deque_32: 0
[  132.414876] xhci_hcd 0000:00:04.0: ep_info2_32: 0
[  132.414921] xhci_hcd 0000:00:04.0: ep_info1_32: 0
[  132.414962] xhci_hcd 0000:00:04.0: tx_info_32: 0
[  132.415004] xhci_hcd 0000:00:04.0: deque_ptr_64: 0
[  132.415051] xhci_hcd 0000:00:04.0: endpoint 13=================================================================
[  132.415126] xhci_hcd 0000:00:04.0: deque_32: 0
[  132.415168] xhci_hcd 0000:00:04.0: ep_info2_32: 0
[  132.415212] xhci_hcd 0000:00:04.0: ep_info1_32: 0
[  132.415257] xhci_hcd 0000:00:04.0: tx_info_32: 0
[  132.415302] xhci_hcd 0000:00:04.0: deque_ptr_64: 0
[  132.415348] xhci_hcd 0000:00:04.0: endpoint 14=================================================================
[  132.415430] xhci_hcd 0000:00:04.0: deque_32: 0
[  132.415475] xhci_hcd 0000:00:04.0: ep_info2_32: 0
[  132.415556] xhci_hcd 0000:00:04.0: ep_info1_32: 0
[  132.415587] xhci_hcd 0000:00:04.0: tx_info_32: 0
[  132.415615] xhci_hcd 0000:00:04.0: deque_ptr_64: 0
[  132.415642] xhci_hcd 0000:00:04.0: endpoint 15=================================================================
[  132.415709] xhci_hcd 0000:00:04.0: deque_32: 0
[  132.415751] xhci_hcd 0000:00:04.0: ep_info2_32: 0
[  132.415780] xhci_hcd 0000:00:04.0: ep_info1_32: 0
[  132.415806] xhci_hcd 0000:00:04.0: tx_info_32: 0
[  132.415832] xhci_hcd 0000:00:04.0: deque_ptr_64: 0
[  132.415862] xhci_hcd 0000:00:04.0: endpoint 16=================================================================
[  132.415932] xhci_hcd 0000:00:04.0: deque_32: 0
[  132.415977] xhci_hcd 0000:00:04.0: ep_info2_32: 0
[  132.416021] xhci_hcd 0000:00:04.0: ep_info1_32: 0
[  132.416052] xhci_hcd 0000:00:04.0: tx_info_32: 0
[  132.416077] xhci_hcd 0000:00:04.0: deque_ptr_64: 0
[  132.416103] xhci_hcd 0000:00:04.0: endpoint 17=================================================================
[  132.416151] xhci_hcd 0000:00:04.0: deque_32: 0
[  132.416179] xhci_hcd 0000:00:04.0: ep_info2_32: 0
[  132.416219] xhci_hcd 0000:00:04.0: ep_info1_32: 0
[  132.416264] xhci_hcd 0000:00:04.0: tx_info_32: 0
[  132.416309] xhci_hcd 0000:00:04.0: deque_ptr_64: 0
[  132.416352] xhci_hcd 0000:00:04.0: endpoint 18=================================================================
[  132.416419] xhci_hcd 0000:00:04.0: deque_32: 0
[  132.416463] xhci_hcd 0000:00:04.0: ep_info2_32: 0
[  132.416492] xhci_hcd 0000:00:04.0: ep_info1_32: 0
[  132.416517] xhci_hcd 0000:00:04.0: tx_info_32: 0
[  132.416543] xhci_hcd 0000:00:04.0: deque_ptr_64: 0
[  132.416569] xhci_hcd 0000:00:04.0: endpoint 19=================================================================
[  132.416618] xhci_hcd 0000:00:04.0: deque_32: 0
[  132.416647] xhci_hcd 0000:00:04.0: ep_info2_32: 0
[  132.416688] xhci_hcd 0000:00:04.0: ep_info1_32: 0
[  132.416718] xhci_hcd 0000:00:04.0: tx_info_32: 0
[  132.416747] xhci_hcd 0000:00:04.0: deque_ptr_64: 0
[  132.416789] xhci_hcd 0000:00:04.0: endpoint 20=================================================================
[  132.416862] xhci_hcd 0000:00:04.0: deque_32: 0
[  132.416906] xhci_hcd 0000:00:04.0: ep_info2_32: 0
[  132.416948] xhci_hcd 0000:00:04.0: ep_info1_32: 0
[  132.416978] xhci_hcd 0000:00:04.0: tx_info_32: 0
[  132.417005] xhci_hcd 0000:00:04.0: deque_ptr_64: 0
[  132.417045] xhci_hcd 0000:00:04.0: endpoint 21=================================================================
[  132.417110] xhci_hcd 0000:00:04.0: deque_32: 0
[  132.417152] xhci_hcd 0000:00:04.0: ep_info2_32: 0
[  132.417181] xhci_hcd 0000:00:04.0: ep_info1_32: 0
[  132.417208] xhci_hcd 0000:00:04.0: tx_info_32: 0
[  132.417238] xhci_hcd 0000:00:04.0: deque_ptr_64: 0
[  132.417279] xhci_hcd 0000:00:04.0: endpoint 22=================================================================
[  132.417344] xhci_hcd 0000:00:04.0: deque_32: 0
[  132.417386] xhci_hcd 0000:00:04.0: ep_info2_32: 0
[  132.417427] xhci_hcd 0000:00:04.0: ep_info1_32: 0
[  132.417469] xhci_hcd 0000:00:04.0: tx_info_32: 0
[  132.417514] xhci_hcd 0000:00:04.0: deque_ptr_64: 0
[  132.417556] xhci_hcd 0000:00:04.0: endpoint 23=================================================================
[  132.417607] xhci_hcd 0000:00:04.0: deque_32: 0
[  132.417634] xhci_hcd 0000:00:04.0: ep_info2_32: 0
[  132.417660] xhci_hcd 0000:00:04.0: ep_info1_32: 0
[  132.417687] xhci_hcd 0000:00:04.0: tx_info_32: 0
[  132.417725] xhci_hcd 0000:00:04.0: deque_ptr_64: 0
[  132.417770] xhci_hcd 0000:00:04.0: endpoint 24=================================================================
[  132.417837] xhci_hcd 0000:00:04.0: deque_32: 0
[  132.417878] xhci_hcd 0000:00:04.0: ep_info2_32: 0
[  132.417921] xhci_hcd 0000:00:04.0: ep_info1_32: 0
[  132.417968] xhci_hcd 0000:00:04.0: tx_info_32: 0
[  132.417999] xhci_hcd 0000:00:04.0: deque_ptr_64: 0
[  132.418048] xhci_hcd 0000:00:04.0: endpoint 25=================================================================
[  132.418112] xhci_hcd 0000:00:04.0: deque_32: 0
[  132.418141] xhci_hcd 0000:00:04.0: ep_info2_32: 0
[  132.418167] xhci_hcd 0000:00:04.0: ep_info1_32: 0
[  132.418193] xhci_hcd 0000:00:04.0: tx_info_32: 0
[  132.418219] xhci_hcd 0000:00:04.0: deque_ptr_64: 0
[  132.418244] xhci_hcd 0000:00:04.0: endpoint 26=================================================================
[  132.418292] xhci_hcd 0000:00:04.0: deque_32: 0
[  132.418316] xhci_hcd 0000:00:04.0: ep_info2_32: 0
[  132.418341] xhci_hcd 0000:00:04.0: ep_info1_32: 0
[  132.418370] xhci_hcd 0000:00:04.0: tx_info_32: 0
[  132.418399] xhci_hcd 0000:00:04.0: deque_ptr_64: 0
[  132.418426] xhci_hcd 0000:00:04.0: endpoint 27=================================================================
[  132.418475] xhci_hcd 0000:00:04.0: deque_32: 0
[  132.418516] xhci_hcd 0000:00:04.0: ep_info2_32: 0
[  132.418562] xhci_hcd 0000:00:04.0: ep_info1_32: 0
[  132.418608] xhci_hcd 0000:00:04.0: tx_info_32: 0
[  132.418653] xhci_hcd 0000:00:04.0: deque_ptr_64: 0
[  132.418701] xhci_hcd 0000:00:04.0: endpoint 28=================================================================
[  132.418770] xhci_hcd 0000:00:04.0: deque_32: 0
[  132.418816] xhci_hcd 0000:00:04.0: ep_info2_32: 0
[  132.418859] xhci_hcd 0000:00:04.0: ep_info1_32: 0
[  132.418904] xhci_hcd 0000:00:04.0: tx_info_32: 0
[  132.418946] xhci_hcd 0000:00:04.0: deque_ptr_64: 0
[  132.418990] xhci_hcd 0000:00:04.0: endpoint 29=================================================================
[  132.419043] xhci_hcd 0000:00:04.0: deque_32: 0
[  132.419070] xhci_hcd 0000:00:04.0: ep_info2_32: 0
[  132.419109] xhci_hcd 0000:00:04.0: ep_info1_32: 0
[  132.419152] xhci_hcd 0000:00:04.0: tx_info_32: 0
[  132.419196] xhci_hcd 0000:00:04.0: deque_ptr_64: 0
[  132.419240] xhci_hcd 0000:00:04.0: endpoint 30=================================================================
[  132.419307] xhci_hcd 0000:00:04.0: deque_32: 0
[  132.419339] xhci_hcd 0000:00:04.0: ep_info2_32: 0
[  132.419366] xhci_hcd 0000:00:04.0: ep_info1_32: 0
[  132.419392] xhci_hcd 0000:00:04.0: tx_info_32: 0
[  132.419432] xhci_hcd 0000:00:04.0: deque_ptr_64: 0
[  132.419478] xhci_hcd 0000:00:04.0: endpoint 31=================================================================
[  132.419543] xhci_hcd 0000:00:04.0: deque_32: 0
[  132.419572] xhci_hcd 0000:00:04.0: ep_info2_32: 0
[  132.419599] xhci_hcd 0000:00:04.0: ep_info1_32: 0
[  132.419624] xhci_hcd 0000:00:04.0: tx_info_32: 0
[  132.419649] xhci_hcd 0000:00:04.0: deque_ptr_64: 0
[  132.419712] xhci_hcd 0000:00:04.0: dump trb:
[  132.419750] xhci_hcd 0000:00:04.0: 1fc7000
[  132.419790] xhci_hcd 0000:00:04.0: 0
[  132.419829] xhci_hcd 0000:00:04.0: 0
[  132.419854] xhci_hcd 0000:00:04.0: 1003401
[  132.420196] xhci_hcd 0000:00:04.0: dump trb:
[  132.420254] xhci_hcd 0000:00:04.0: 1000680
[  132.420296] xhci_hcd 0000:00:04.0: 120000
[  132.420335] xhci_hcd 0000:00:04.0: 8
[  132.420371] xhci_hcd 0000:00:04.0: 30840
[  132.420408] xhci_hcd 0000:00:04.0: dump trb:
[  132.420440] xhci_hcd 0000:00:04.0: 1f2fa00
[  132.420477] xhci_hcd 0000:00:04.0: 0
[  132.420507] xhci_hcd 0000:00:04.0: 12
[  132.420531] xhci_hcd 0000:00:04.0: 10c05
[  132.420566] xhci_hcd 0000:00:04.0: dump trb:
[  132.420606] xhci_hcd 0000:00:04.0: 0
[  132.420657] xhci_hcd 0000:00:04.0: 0
[  132.420735] xhci_hcd 0000:00:04.0: 0
[  132.420795] xhci_hcd 0000:00:04.0: 1021
[  132.422490] xhci_hcd 0000:00:04.0: dump trb:
[  132.422546] xhci_hcd 0000:00:04.0: 6000680
[  132.422592] xhci_hcd 0000:00:04.0: a0000
[  132.422630] xhci_hcd 0000:00:04.0: 8
[  132.422668] xhci_hcd 0000:00:04.0: 30840
[  132.422710] xhci_hcd 0000:00:04.0: dump trb:
[  132.422750] xhci_hcd 0000:00:04.0: 1f27b20
[  132.422776] xhci_hcd 0000:00:04.0: 0
[  132.422797] xhci_hcd 0000:00:04.0: a
[  132.422818] xhci_hcd 0000:00:04.0: 10c05
[  132.422855] xhci_hcd 0000:00:04.0: dump trb:
[  132.422896] xhci_hcd 0000:00:04.0: 0
[  132.422921] xhci_hcd 0000:00:04.0: 0
[  132.422956] xhci_hcd 0000:00:04.0: 0
[  132.422996] xhci_hcd 0000:00:04.0: 1021
[  132.423917] xhci_hcd 0000:00:04.0: dump trb:
[  132.424002] xhci_hcd 0000:00:04.0: 0
[  132.424040] xhci_hcd 0000:00:04.0: 0
[  132.424076] xhci_hcd 0000:00:04.0: 0
[  132.424112] xhci_hcd 0000:00:04.0: 1013801
[  132.424548] xhci_hcd 0000:00:04.0: dump trb:
[  132.424589] xhci_hcd 0000:00:04.0: 1fc8091
[  132.424629] xhci_hcd 0000:00:04.0: 0
[  132.424653] xhci_hcd 0000:00:04.0: 0
[  132.424686] xhci_hcd 0000:00:04.0: 1014001
[  132.425178] xhci_hcd 0000:00:04.0: dump trb:
[  132.425229] xhci_hcd 0000:00:04.0: 6000680
[  132.425268] xhci_hcd 0000:00:04.0: a0000
[  132.425306] xhci_hcd 0000:00:04.0: 8
[  132.425345] xhci_hcd 0000:00:04.0: 30840
[  132.425384] xhci_hcd 0000:00:04.0: dump trb:
[  132.425426] xhci_hcd 0000:00:04.0: 1f27b20
[  132.425466] xhci_hcd 0000:00:04.0: 0
[  132.425509] xhci_hcd 0000:00:04.0: a
[  132.425552] xhci_hcd 0000:00:04.0: 10c05
[  132.425592] xhci_hcd 0000:00:04.0: dump trb:
[  132.425633] xhci_hcd 0000:00:04.0: 0
[  132.425671] xhci_hcd 0000:00:04.0: 0
[  132.425709] xhci_hcd 0000:00:04.0: 0
[  132.425747] xhci_hcd 0000:00:04.0: 1021
[  132.426671] xhci_hcd 0000:00:04.0: dump trb:
[  132.426732] xhci_hcd 0000:00:04.0: 0
[  132.426763] xhci_hcd 0000:00:04.0: 0
[  132.426790] xhci_hcd 0000:00:04.0: 0
[  132.426829] xhci_hcd 0000:00:04.0: 1013801
[  132.426890] xhci_hcd 0000:00:04.0: dump trb:
[  132.426940] xhci_hcd 0000:00:04.0: 1fc80c1
[  132.426989] xhci_hcd 0000:00:04.0: 0
[  132.427035] xhci_hcd 0000:00:04.0: 0
[  132.427082] xhci_hcd 0000:00:04.0: 1014001
[  132.427200] xhci_hcd 0000:00:04.0: dump trb:
[  132.427253] xhci_hcd 0000:00:04.0: 6000680
[  132.427302] xhci_hcd 0000:00:04.0: a0000
[  132.427339] xhci_hcd 0000:00:04.0: 8
[  132.427367] xhci_hcd 0000:00:04.0: 30840
[  132.427395] xhci_hcd 0000:00:04.0: dump trb:
[  132.427425] xhci_hcd 0000:00:04.0: 1f27b20
[  132.427453] xhci_hcd 0000:00:04.0: 0
[  132.427479] xhci_hcd 0000:00:04.0: a
[  132.427506] xhci_hcd 0000:00:04.0: 10c05
[  132.427550] xhci_hcd 0000:00:04.0: dump trb:
[  132.427600] xhci_hcd 0000:00:04.0: 0
[  132.427630] xhci_hcd 0000:00:04.0: 0
[  132.427657] xhci_hcd 0000:00:04.0: 0
[  132.427682] xhci_hcd 0000:00:04.0: 1021
[  132.428666] xhci_hcd 0000:00:04.0: dump trb:
[  132.428716] xhci_hcd 0000:00:04.0: 0
[  132.428757] xhci_hcd 0000:00:04.0: 0
[  132.428795] xhci_hcd 0000:00:04.0: 0
[  132.428841] xhci_hcd 0000:00:04.0: 1013801
[  132.428890] xhci_hcd 0000:00:04.0: dump trb:
[  132.428946] xhci_hcd 0000:00:04.0: 1fc80f1
[  132.428998] xhci_hcd 0000:00:04.0: 0
[  132.429035] xhci_hcd 0000:00:04.0: 0
[  132.429073] xhci_hcd 0000:00:04.0: 1014001
[  132.429433] xhci_hcd 0000:00:04.0: dump trb:
[  132.429482] xhci_hcd 0000:00:04.0: 2000680
[  132.429510] xhci_hcd 0000:00:04.0: 90000
[  132.429533] xhci_hcd 0000:00:04.0: 8
[  132.429555] xhci_hcd 0000:00:04.0: 30840
[  132.429592] xhci_hcd 0000:00:04.0: dump trb:
[  132.429634] xhci_hcd 0000:00:04.0: 1f27b20
[  132.429674] xhci_hcd 0000:00:04.0: 0
[  132.429754] xhci_hcd 0000:00:04.0: 9
[  132.429801] xhci_hcd 0000:00:04.0: 10c05
[  132.429840] xhci_hcd 0000:00:04.0: dump trb:
[  132.429881] xhci_hcd 0000:00:04.0: 0
[  132.429919] xhci_hcd 0000:00:04.0: 0
[  132.429957] xhci_hcd 0000:00:04.0: 0
[  132.429995] xhci_hcd 0000:00:04.0: 1021
[  132.430903] xhci_hcd 0000:00:04.0: dump trb:
[  132.430954] xhci_hcd 0000:00:04.0: 2000680
[  132.430994] xhci_hcd 0000:00:04.0: 3b0000
[  132.431034] xhci_hcd 0000:00:04.0: 8
[  132.431114] xhci_hcd 0000:00:04.0: 30840
[  132.431195] xhci_hcd 0000:00:04.0: dump trb:
[  132.431245] xhci_hcd 0000:00:04.0: 1f9ed80
[  132.431285] xhci_hcd 0000:00:04.0: 0
[  132.431323] xhci_hcd 0000:00:04.0: 3b
[  132.431362] xhci_hcd 0000:00:04.0: 10c05
[  132.431388] xhci_hcd 0000:00:04.0: dump trb:
[  132.431412] xhci_hcd 0000:00:04.0: 0
[  132.431448] xhci_hcd 0000:00:04.0: 0
[  132.431486] xhci_hcd 0000:00:04.0: 0
[  132.431524] xhci_hcd 0000:00:04.0: 1021
[  132.432899] xhci_hcd 0000:00:04.0: dump trb:
[  132.432951] xhci_hcd 0000:00:04.0: 3000680
[  132.432989] xhci_hcd 0000:00:04.0: ff0000
[  132.433027] xhci_hcd 0000:00:04.0: 8
[  132.433083] xhci_hcd 0000:00:04.0: 30840
[  132.433123] xhci_hcd 0000:00:04.0: dump trb:
[  132.433166] xhci_hcd 0000:00:04.0: 1fba400
[  132.433206] xhci_hcd 0000:00:04.0: 0
[  132.433266] xhci_hcd 0000:00:04.0: ff
[  132.433305] xhci_hcd 0000:00:04.0: 10c05
[  132.433333] xhci_hcd 0000:00:04.0: dump trb:
[  132.433359] xhci_hcd 0000:00:04.0: 0
[  132.433393] xhci_hcd 0000:00:04.0: 0
[  132.433432] xhci_hcd 0000:00:04.0: 0
[  132.433470] xhci_hcd 0000:00:04.0: 1021
[  132.434259] xhci_hcd 0000:00:04.0: dump trb:
[  132.434359] xhci_hcd 0000:00:04.0: 3020680
[  132.434401] xhci_hcd 0000:00:04.0: ff0409
[  132.434443] xhci_hcd 0000:00:04.0: 8
[  132.434469] xhci_hcd 0000:00:04.0: 30840
[  132.434505] xhci_hcd 0000:00:04.0: dump trb:
[  132.434546] xhci_hcd 0000:00:04.0: 1fba400
[  132.434586] xhci_hcd 0000:00:04.0: 0
[  132.434624] xhci_hcd 0000:00:04.0: ff
[  132.434662] xhci_hcd 0000:00:04.0: 10c05
[  132.434702] xhci_hcd 0000:00:04.0: dump trb:
[  132.434744] xhci_hcd 0000:00:04.0: 0
[  132.434782] xhci_hcd 0000:00:04.0: 0
[  132.434811] xhci_hcd 0000:00:04.0: 0
[  132.434833] xhci_hcd 0000:00:04.0: 1021
[  132.435886] xhci_hcd 0000:00:04.0: dump trb:
[  132.435935] xhci_hcd 0000:00:04.0: 3010680
[  132.435974] xhci_hcd 0000:00:04.0: ff0409
[  132.436000] xhci_hcd 0000:00:04.0: 8
[  132.436021] xhci_hcd 0000:00:04.0: 30840
[  132.436057] xhci_hcd 0000:00:04.0: dump trb:
[  132.436097] xhci_hcd 0000:00:04.0: 1fba400
[  132.436190] xhci_hcd 0000:00:04.0: 0
[  132.436239] xhci_hcd 0000:00:04.0: ff
[  132.436271] xhci_hcd 0000:00:04.0: 10c05
[  132.436300] xhci_hcd 0000:00:04.0: dump trb:
[  132.436330] xhci_hcd 0000:00:04.0: 0
[  132.436499] xhci_hcd 0000:00:04.0: 0
[  132.436546] xhci_hcd 0000:00:04.0: 0
[  132.436596] xhci_hcd 0000:00:04.0: 1021
[  132.437662] usb 2-2: New USB device found, idVendor=046d, idProduct=c52f, bcdDevice=30.00
[  132.437737] usb 2-2: New USB device strings: Mfr=1, Product=2, SerialNumber=0
[  132.437790] usb 2-2: Product: USB Receiver
[  132.437833] usb 2-2: Manufacturer: Logitech
[  132.438867] xhci_hcd 0000:00:04.0: slot ctx=================================================================
[  132.438954] xhci_hcd 0000:00:04.0: slot_ctx:devinfo: 28100000
[  132.439002] xhci_hcd 0000:00:04.0: slot_ctx:devinfo2: 60000
[  132.439048] xhci_hcd 0000:00:04.0: slot_ctx:ttinfo: 0
[  132.439103] xhci_hcd 0000:00:04.0: slot_ctx:dev_state: 0
[  132.439150] xhci_hcd 0000:00:04.0: ctrl ctx=================================================================
[  132.439201] xhci_hcd 0000:00:04.0: ctrl_ctx:add_flags: 29
[  132.439231] xhci_hcd 0000:00:04.0: ctrl_ctx:drop_flags: 0
[  132.439260] xhci_hcd 0000:00:04.0: ctrl_ctx:rsvd 0: 0
[  132.439302] xhci_hcd 0000:00:04.0: ctrl_ctx:rsvd 1: 0
[  132.439333] xhci_hcd 0000:00:04.0: ctrl_ctx:rsvd 2: 0
[  132.439374] xhci_hcd 0000:00:04.0: ctrl_ctx:rsvd 3: 0
[  132.439406] xhci_hcd 0000:00:04.0: ctrl_ctx:rsvd 4: 0
[  132.439447] xhci_hcd 0000:00:04.0: ctrl_ctx:rsvd 5: 0
[  132.439493] xhci_hcd 0000:00:04.0: endpoint 0=================================================================
[  132.439558] xhci_hcd 0000:00:04.0: deque_32: 1fc8031
[  132.439591] xhci_hcd 0000:00:04.0: ep_info2_32: 80026
[  132.439621] xhci_hcd 0000:00:04.0: ep_info1_32: 0
[  132.439649] xhci_hcd 0000:00:04.0: tx_info_32: 0
[  132.439677] xhci_hcd 0000:00:04.0: deque_ptr_64: 1fc8031
[  132.439719] xhci_hcd 0000:00:04.0: endpoint 1=================================================================
[  132.439856] xhci_hcd 0000:00:04.0: deque_32: 0
[  132.439899] xhci_hcd 0000:00:04.0: ep_info2_32: 0
[  132.439929] xhci_hcd 0000:00:04.0: ep_info1_32: 0
[  132.439969] xhci_hcd 0000:00:04.0: tx_info_32: 0
[  132.439998] xhci_hcd 0000:00:04.0: deque_ptr_64: 0
[  132.440039] xhci_hcd 0000:00:04.0: endpoint 2=================================================================
[  132.440091] xhci_hcd 0000:00:04.0: deque_32: 1fcc001
[  132.440119] xhci_hcd 0000:00:04.0: ep_info2_32: 8003e
[  132.440146] xhci_hcd 0000:00:04.0: ep_info1_32: 40000
[  132.440173] xhci_hcd 0000:00:04.0: tx_info_32: 80008
[  132.440199] xhci_hcd 0000:00:04.0: deque_ptr_64: 1fcc001
[  132.440228] xhci_hcd 0000:00:04.0: endpoint 3=================================================================
[  132.440288] xhci_hcd 0000:00:04.0: deque_32: 0
[  132.440316] xhci_hcd 0000:00:04.0: ep_info2_32: 0
[  132.440342] xhci_hcd 0000:00:04.0: ep_info1_32: 0
[  132.440368] xhci_hcd 0000:00:04.0: tx_info_32: 0
[  132.440393] xhci_hcd 0000:00:04.0: deque_ptr_64: 0
[  132.440419] xhci_hcd 0000:00:04.0: endpoint 4=================================================================
[  132.440467] xhci_hcd 0000:00:04.0: deque_32: 1fce001
[  132.440494] xhci_hcd 0000:00:04.0: ep_info2_32: 14003e
[  132.440537] xhci_hcd 0000:00:04.0: ep_info1_32: 40000
[  132.440582] xhci_hcd 0000:00:04.0: tx_info_32: 140014
[  132.440628] xhci_hcd 0000:00:04.0: deque_ptr_64: 1fce001
[  132.440660] xhci_hcd 0000:00:04.0: endpoint 5=================================================================
[  132.440710] xhci_hcd 0000:00:04.0: deque_32: 0
[  132.440735] xhci_hcd 0000:00:04.0: ep_info2_32: 0
[  132.440776] xhci_hcd 0000:00:04.0: ep_info1_32: 0
[  132.440806] xhci_hcd 0000:00:04.0: tx_info_32: 0
[  132.440833] xhci_hcd 0000:00:04.0: deque_ptr_64: 0
[  132.440860] xhci_hcd 0000:00:04.0: endpoint 6=================================================================
[  132.440907] xhci_hcd 0000:00:04.0: deque_32: 0
[  132.440932] xhci_hcd 0000:00:04.0: ep_info2_32: 0
[  132.440991] xhci_hcd 0000:00:04.0: ep_info1_32: 0
[  132.441020] xhci_hcd 0000:00:04.0: tx_info_32: 0
[  132.441049] xhci_hcd 0000:00:04.0: deque_ptr_64: 0
[  132.441076] xhci_hcd 0000:00:04.0: endpoint 7=================================================================
[  132.441125] xhci_hcd 0000:00:04.0: deque_32: 0
[  132.441151] xhci_hcd 0000:00:04.0: ep_info2_32: 0
[  132.441177] xhci_hcd 0000:00:04.0: ep_info1_32: 0
[  132.441202] xhci_hcd 0000:00:04.0: tx_info_32: 0
[  132.441240] xhci_hcd 0000:00:04.0: deque_ptr_64: 0
[  132.441284] xhci_hcd 0000:00:04.0: endpoint 8=================================================================
[  132.441336] xhci_hcd 0000:00:04.0: deque_32: 0
[  132.441375] xhci_hcd 0000:00:04.0: ep_info2_32: 0
[  132.441418] xhci_hcd 0000:00:04.0: ep_info1_32: 0
[  132.441446] xhci_hcd 0000:00:04.0: tx_info_32: 0
[  132.441471] xhci_hcd 0000:00:04.0: deque_ptr_64: 0
[  132.441498] xhci_hcd 0000:00:04.0: endpoint 9=================================================================
[  132.441559] xhci_hcd 0000:00:04.0: deque_32: 0
[  132.441588] xhci_hcd 0000:00:04.0: ep_info2_32: 0
[  132.441628] xhci_hcd 0000:00:04.0: ep_info1_32: 0
[  132.441656] xhci_hcd 0000:00:04.0: tx_info_32: 0
[  132.441682] xhci_hcd 0000:00:04.0: deque_ptr_64: 0
[  132.441708] xhci_hcd 0000:00:04.0: endpoint 10=================================================================
[  132.441757] xhci_hcd 0000:00:04.0: deque_32: 0
[  132.441795] xhci_hcd 0000:00:04.0: ep_info2_32: 0
[  132.441837] xhci_hcd 0000:00:04.0: ep_info1_32: 0
[  132.441881] xhci_hcd 0000:00:04.0: tx_info_32: 0
[  132.441911] xhci_hcd 0000:00:04.0: deque_ptr_64: 0
[  132.441951] xhci_hcd 0000:00:04.0: endpoint 11=================================================================
[  132.442002] xhci_hcd 0000:00:04.0: deque_32: 0
[  132.442028] xhci_hcd 0000:00:04.0: ep_info2_32: 0
[  132.442067] xhci_hcd 0000:00:04.0: ep_info1_32: 0
[  132.442109] xhci_hcd 0000:00:04.0: tx_info_32: 0
[  132.442138] xhci_hcd 0000:00:04.0: deque_ptr_64: 0
[  132.442164] xhci_hcd 0000:00:04.0: endpoint 12=================================================================
[  132.442226] xhci_hcd 0000:00:04.0: deque_32: 0
[  132.442268] xhci_hcd 0000:00:04.0: ep_info2_32: 0
[  132.442298] xhci_hcd 0000:00:04.0: ep_info1_32: 0
[  132.442324] xhci_hcd 0000:00:04.0: tx_info_32: 0
[  132.442349] xhci_hcd 0000:00:04.0: deque_ptr_64: 0
[  132.442376] xhci_hcd 0000:00:04.0: endpoint 13=================================================================
[  132.442424] xhci_hcd 0000:00:04.0: deque_32: 0
[  132.442450] xhci_hcd 0000:00:04.0: ep_info2_32: 0
[  132.442488] xhci_hcd 0000:00:04.0: ep_info1_32: 0
[  132.442531] xhci_hcd 0000:00:04.0: tx_info_32: 0
[  132.442592] xhci_hcd 0000:00:04.0: deque_ptr_64: 0
[  132.442623] xhci_hcd 0000:00:04.0: endpoint 14=================================================================
[  132.442685] xhci_hcd 0000:00:04.0: deque_32: 0
[  132.442726] xhci_hcd 0000:00:04.0: ep_info2_32: 0
[  132.442767] xhci_hcd 0000:00:04.0: ep_info1_32: 0
[  132.442797] xhci_hcd 0000:00:04.0: tx_info_32: 0
[  132.442823] xhci_hcd 0000:00:04.0: deque_ptr_64: 0
[  132.442849] xhci_hcd 0000:00:04.0: endpoint 15=================================================================
[  132.442897] xhci_hcd 0000:00:04.0: deque_32: 0
[  132.442925] xhci_hcd 0000:00:04.0: ep_info2_32: 0
[  132.442951] xhci_hcd 0000:00:04.0: ep_info1_32: 0
[  132.442978] xhci_hcd 0000:00:04.0: tx_info_32: 0
[  132.443018] xhci_hcd 0000:00:04.0: deque_ptr_64: 0
[  132.443062] xhci_hcd 0000:00:04.0: endpoint 16=================================================================
[  132.443116] xhci_hcd 0000:00:04.0: deque_32: 0
[  132.443156] xhci_hcd 0000:00:04.0: ep_info2_32: 0
[  132.443199] xhci_hcd 0000:00:04.0: ep_info1_32: 0
[  132.443242] xhci_hcd 0000:00:04.0: tx_info_32: 0
[  132.443273] xhci_hcd 0000:00:04.0: deque_ptr_64: 0
[  132.443300] xhci_hcd 0000:00:04.0: endpoint 17=================================================================
[  132.443362] xhci_hcd 0000:00:04.0: deque_32: 0
[  132.443405] xhci_hcd 0000:00:04.0: ep_info2_32: 0
[  132.443448] xhci_hcd 0000:00:04.0: ep_info1_32: 0
[  132.443477] xhci_hcd 0000:00:04.0: tx_info_32: 0
[  132.443503] xhci_hcd 0000:00:04.0: deque_ptr_64: 0
[  132.443531] xhci_hcd 0000:00:04.0: endpoint 18=================================================================
[  132.443585] xhci_hcd 0000:00:04.0: deque_32: 0
[  132.443633] xhci_hcd 0000:00:04.0: ep_info2_32: 0
[  132.443662] xhci_hcd 0000:00:04.0: ep_info1_32: 0
[  132.443694] xhci_hcd 0000:00:04.0: tx_info_32: 0
[  132.443721] xhci_hcd 0000:00:04.0: deque_ptr_64: 0
[  132.443750] xhci_hcd 0000:00:04.0: endpoint 19=================================================================
[  132.443802] xhci_hcd 0000:00:04.0: deque_32: 0
[  132.443827] xhci_hcd 0000:00:04.0: ep_info2_32: 0
[  132.443855] xhci_hcd 0000:00:04.0: ep_info1_32: 0
[  132.443880] xhci_hcd 0000:00:04.0: tx_info_32: 0
[  132.443947] xhci_hcd 0000:00:04.0: deque_ptr_64: 0
[  132.443993] xhci_hcd 0000:00:04.0: endpoint 20=================================================================
[  132.444047] xhci_hcd 0000:00:04.0: deque_32: 0
[  132.444086] xhci_hcd 0000:00:04.0: ep_info2_32: 0
[  132.444127] xhci_hcd 0000:00:04.0: ep_info1_32: 0
[  132.444158] xhci_hcd 0000:00:04.0: tx_info_32: 0
[  132.444187] xhci_hcd 0000:00:04.0: deque_ptr_64: 0
[  132.444231] xhci_hcd 0000:00:04.0: endpoint 21=================================================================
[  132.444298] xhci_hcd 0000:00:04.0: deque_32: 0
[  132.444360] xhci_hcd 0000:00:04.0: ep_info2_32: 0
[  132.444404] xhci_hcd 0000:00:04.0: ep_info1_32: 0
[  132.444435] xhci_hcd 0000:00:04.0: tx_info_32: 0
[  132.444461] xhci_hcd 0000:00:04.0: deque_ptr_64: 0
[  132.444488] xhci_hcd 0000:00:04.0: endpoint 22=================================================================
[  132.444539] xhci_hcd 0000:00:04.0: deque_32: 0
[  132.444564] xhci_hcd 0000:00:04.0: ep_info2_32: 0
[  132.444591] xhci_hcd 0000:00:04.0: ep_info1_32: 0
[  132.444617] xhci_hcd 0000:00:04.0: tx_info_32: 0
[  132.444643] xhci_hcd 0000:00:04.0: deque_ptr_64: 0
[  132.444669] xhci_hcd 0000:00:04.0: endpoint 23=================================================================
[  132.444717] xhci_hcd 0000:00:04.0: deque_32: 0
[  132.444745] xhci_hcd 0000:00:04.0: ep_info2_32: 0
[  132.444771] xhci_hcd 0000:00:04.0: ep_info1_32: 0
[  132.444810] xhci_hcd 0000:00:04.0: tx_info_32: 0
[  132.444852] xhci_hcd 0000:00:04.0: deque_ptr_64: 0
[  132.444897] xhci_hcd 0000:00:04.0: endpoint 24=================================================================
[  132.444950] xhci_hcd 0000:00:04.0: deque_32: 0
[  132.444977] xhci_hcd 0000:00:04.0: ep_info2_32: 0
[  132.445016] xhci_hcd 0000:00:04.0: ep_info1_32: 0
[  132.445059] xhci_hcd 0000:00:04.0: tx_info_32: 0
[  132.445088] xhci_hcd 0000:00:04.0: deque_ptr_64: 0
[  132.445114] xhci_hcd 0000:00:04.0: endpoint 25=================================================================
[  132.445164] xhci_hcd 0000:00:04.0: deque_32: 0
[  132.445201] xhci_hcd 0000:00:04.0: ep_info2_32: 0
[  132.445245] xhci_hcd 0000:00:04.0: ep_info1_32: 0
[  132.445289] xhci_hcd 0000:00:04.0: tx_info_32: 0
[  132.445331] xhci_hcd 0000:00:04.0: deque_ptr_64: 0
[  132.445377] xhci_hcd 0000:00:04.0: endpoint 26=================================================================
[  132.445464] xhci_hcd 0000:00:04.0: deque_32: 0
[  132.445514] xhci_hcd 0000:00:04.0: ep_info2_32: 0
[  132.445546] xhci_hcd 0000:00:04.0: ep_info1_32: 0
[  132.445587] xhci_hcd 0000:00:04.0: tx_info_32: 0
[  132.445629] xhci_hcd 0000:00:04.0: deque_ptr_64: 0
[  132.445673] xhci_hcd 0000:00:04.0: endpoint 27=================================================================
[  132.445739] xhci_hcd 0000:00:04.0: deque_32: 0
[  132.445781] xhci_hcd 0000:00:04.0: ep_info2_32: 0
[  132.445825] xhci_hcd 0000:00:04.0: ep_info1_32: 0
[  132.445855] xhci_hcd 0000:00:04.0: tx_info_32: 0
[  132.445881] xhci_hcd 0000:00:04.0: deque_ptr_64: 0
[  132.445921] xhci_hcd 0000:00:04.0: endpoint 28=================================================================
[  132.445986] xhci_hcd 0000:00:04.0: deque_32: 0
[  132.446028] xhci_hcd 0000:00:04.0: ep_info2_32: 0
[  132.446058] xhci_hcd 0000:00:04.0: ep_info1_32: 0
[  132.446085] xhci_hcd 0000:00:04.0: tx_info_32: 0
[  132.446124] xhci_hcd 0000:00:04.0: deque_ptr_64: 0
[  132.446166] xhci_hcd 0000:00:04.0: endpoint 29=================================================================
[  132.446219] xhci_hcd 0000:00:04.0: deque_32: 0
[  132.446306] xhci_hcd 0000:00:04.0: ep_info2_32: 0
[  132.446362] xhci_hcd 0000:00:04.0: ep_info1_32: 0
[  132.446422] xhci_hcd 0000:00:04.0: tx_info_32: 0
[  132.446476] xhci_hcd 0000:00:04.0: deque_ptr_64: 0
[  132.446530] xhci_hcd 0000:00:04.0: endpoint 30=================================================================
[  132.446598] xhci_hcd 0000:00:04.0: deque_32: 0
[  132.446643] xhci_hcd 0000:00:04.0: ep_info2_32: 0
[  132.446688] xhci_hcd 0000:00:04.0: ep_info1_32: 0
[  132.446731] xhci_hcd 0000:00:04.0: tx_info_32: 0
[  132.446868] xhci_hcd 0000:00:04.0: deque_ptr_64: 0
[  132.446903] xhci_hcd 0000:00:04.0: endpoint 31=================================================================
[  132.447049] xhci_hcd 0000:00:04.0: deque_32: 0
[  132.447127] xhci_hcd 0000:00:04.0: ep_info2_32: 0
[  132.447207] xhci_hcd 0000:00:04.0: ep_info1_32: 0
[  132.447280] xhci_hcd 0000:00:04.0: tx_info_32: 0
[  132.447329] xhci_hcd 0000:00:04.0: deque_ptr_64: 0
[  132.447427] xhci_hcd 0000:00:04.0: dump trb:
[  132.447469] xhci_hcd 0000:00:04.0: 1fc7000
[  132.447566] xhci_hcd 0000:00:04.0: 0
[  132.447612] xhci_hcd 0000:00:04.0: 0
[  132.447650] xhci_hcd 0000:00:04.0: 1003001
[  132.448435] xhci_hcd 0000:00:04.0: dump trb:
[  132.448486] xhci_hcd 0000:00:04.0: 0
[  132.448523] xhci_hcd 0000:00:04.0: 0
[  132.448561] xhci_hcd 0000:00:04.0: 0
[  132.448584] xhci_hcd 0000:00:04.0: 1033c01
[  132.448717] xhci_hcd 0000:00:04.0: dump trb:
[  132.448757] xhci_hcd 0000:00:04.0: 1fd1000
[  132.448797] xhci_hcd 0000:00:04.0: 0
[  132.448835] xhci_hcd 0000:00:04.0: 0
[  132.448883] xhci_hcd 0000:00:04.0: 1003001
[  132.449251] xhci_hcd 0000:00:04.0: dump trb:
[  132.449297] xhci_hcd 0000:00:04.0: 0
[  132.449334] xhci_hcd 0000:00:04.0: 0
[  132.449361] xhci_hcd 0000:00:04.0: 0
[  132.449396] xhci_hcd 0000:00:04.0: 1053c01
[  132.449505] xhci_hcd 0000:00:04.0: dump trb:
[  132.449549] xhci_hcd 0000:00:04.0: 1fd1000
[  132.449590] xhci_hcd 0000:00:04.0: 0
[  132.449627] xhci_hcd 0000:00:04.0: 0
[  132.449664] xhci_hcd 0000:00:04.0: 1003001
[  132.449791] xhci_hcd 0000:00:04.0: dump trb:
[  132.449835] xhci_hcd 0000:00:04.0: 10900
[  132.449875] xhci_hcd 0000:00:04.0: 0
[  132.449913] xhci_hcd 0000:00:04.0: 8
[  132.449950] xhci_hcd 0000:00:04.0: 840
[  132.450013] xhci_hcd 0000:00:04.0: dump trb:
[  132.450054] xhci_hcd 0000:00:04.0: 0
[  132.450122] xhci_hcd 0000:00:04.0: 0
[  132.450159] xhci_hcd 0000:00:04.0: 0
[  132.450198] xhci_hcd 0000:00:04.0: 11021
[  132.450430] xhci_hcd 0000:00:04.0: dump trb:
[  132.450478] xhci_hcd 0000:00:04.0: 3040680
[  132.450519] xhci_hcd 0000:00:04.0: ff0409
[  132.450583] xhci_hcd 0000:00:04.0: 8
[  132.450621] xhci_hcd 0000:00:04.0: 30840
[  132.450663] xhci_hcd 0000:00:04.0: dump trb:
[  132.450691] xhci_hcd 0000:00:04.0: 1fba100
[  132.450729] xhci_hcd 0000:00:04.0: 0
[  132.450766] xhci_hcd 0000:00:04.0: ff
[  132.450804] xhci_hcd 0000:00:04.0: 10c05
[  132.450844] xhci_hcd 0000:00:04.0: dump trb:
[  132.450871] xhci_hcd 0000:00:04.0: 0
[  132.450894] xhci_hcd 0000:00:04.0: 0
[  132.450914] xhci_hcd 0000:00:04.0: 0
[  132.450934] xhci_hcd 0000:00:04.0: 1021
[  132.453612] xhci_hcd 0000:00:04.0: dump trb:
[  132.453694] xhci_hcd 0000:00:04.0: a21
[  132.453721] xhci_hcd 0000:00:04.0: 0
[  132.453741] xhci_hcd 0000:00:04.0: 8
[  132.453780] xhci_hcd 0000:00:04.0: 840
[  132.453820] xhci_hcd 0000:00:04.0: dump trb:
[  132.453861] xhci_hcd 0000:00:04.0: 0
[  132.453899] xhci_hcd 0000:00:04.0: 0
[  132.453922] xhci_hcd 0000:00:04.0: 0
[  132.453943] xhci_hcd 0000:00:04.0: 11021
[  132.454922] xhci_hcd 0000:00:04.0: dump trb:
[  132.454973] xhci_hcd 0000:00:04.0: 0
[  132.455013] xhci_hcd 0000:00:04.0: 0
[  132.455239] xhci_hcd 0000:00:04.0: 0
[  132.455302] xhci_hcd 0000:00:04.0: 1013801
[  132.455356] xhci_hcd 0000:00:04.0: dump trb:
[  132.455383] xhci_hcd 0000:00:04.0: 1fc8251
[  132.455422] xhci_hcd 0000:00:04.0: 0
[  132.455461] xhci_hcd 0000:00:04.0: 0
[  132.455498] xhci_hcd 0000:00:04.0: 1014001
[  132.455708] xhci_hcd 0000:00:04.0: dump trb:
[  132.455754] xhci_hcd 0000:00:04.0: 22000681
[  132.455797] xhci_hcd 0000:00:04.0: 430000
[  132.455839] xhci_hcd 0000:00:04.0: 8
[  132.455866] xhci_hcd 0000:00:04.0: 30840
[  132.455891] xhci_hcd 0000:00:04.0: dump trb:
[  132.455929] xhci_hcd 0000:00:04.0: 1f9fae0
[  132.455968] xhci_hcd 0000:00:04.0: 0
[  132.456006] xhci_hcd 0000:00:04.0: 43
[  132.456044] xhci_hcd 0000:00:04.0: 10c05
[  132.456119] xhci_hcd 0000:00:04.0: dump trb:
[  132.456160] xhci_hcd 0000:00:04.0: 0
[  132.456199] xhci_hcd 0000:00:04.0: 0
[  132.456238] xhci_hcd 0000:00:04.0: 0
[  132.456277] xhci_hcd 0000:00:04.0: 1021
[  132.461291] input: Logitech USB Receiver as /devices/pci0000:00/0000:00:04.0/usb2/2-2/2-2:1.0/0003:046D:C52F.0001/input/input4
[  132.462539] hid-generic 0003:046D:C52F.0001: input,hidraw0: USB HID v1.11 Mouse [Logitech USB Receiver] on usb-0000:00:04.0-2/input0
[  132.462967] xhci_hcd 0000:00:04.0: dump trb:
[  132.463017] xhci_hcd 0000:00:04.0: a21
[  132.463042] xhci_hcd 0000:00:04.0: 1
[  132.463106] xhci_hcd 0000:00:04.0: 8
[  132.463144] xhci_hcd 0000:00:04.0: 840
[  132.463184] xhci_hcd 0000:00:04.0: dump trb:
[  132.463228] xhci_hcd 0000:00:04.0: 0
[  132.463267] xhci_hcd 0000:00:04.0: 0
[  132.463311] xhci_hcd 0000:00:04.0: 0
[  132.463336] xhci_hcd 0000:00:04.0: 11021
[  132.464166] xhci_hcd 0000:00:04.0: dump trb:
[  132.464227] xhci_hcd 0000:00:04.0: 0
[  132.464265] xhci_hcd 0000:00:04.0: 0
[  132.464289] xhci_hcd 0000:00:04.0: 0
[  132.464310] xhci_hcd 0000:00:04.0: 1013801
[  132.464351] xhci_hcd 0000:00:04.0: dump trb:
[  132.464391] xhci_hcd 0000:00:04.0: 1fc82a1
[  132.464433] xhci_hcd 0000:00:04.0: 0
[  132.464476] xhci_hcd 0000:00:04.0: 0
[  132.464514] xhci_hcd 0000:00:04.0: 1014001
[  132.464664] xhci_hcd 0000:00:04.0: dump trb:
[  132.464709] xhci_hcd 0000:00:04.0: 22000681
[  132.464738] xhci_hcd 0000:00:04.0: 4f0001
[  132.464775] xhci_hcd 0000:00:04.0: 8
[  132.464813] xhci_hcd 0000:00:04.0: 30840
[  132.464853] xhci_hcd 0000:00:04.0: dump trb:
[  132.464907] xhci_hcd 0000:00:04.0: 1f9fde0
[  132.464935] xhci_hcd 0000:00:04.0: 0
[  132.464971] xhci_hcd 0000:00:04.0: 4f
[  132.465010] xhci_hcd 0000:00:04.0: 10c05
[  132.465049] xhci_hcd 0000:00:04.0: dump trb:
[  132.465148] xhci_hcd 0000:00:04.0: 0
[  132.465188] xhci_hcd 0000:00:04.0: 0
[  132.465225] xhci_hcd 0000:00:04.0: 0
[  132.465263] xhci_hcd 0000:00:04.0: 1021
[  132.469533] input: Logitech USB Receiver Consumer Control as /devices/pci0000:00/0000:00:04.0/usb2/2-2/2-2:1.1/0003:046D:C52F.0002/input/input5
[  132.469769] xhci_hcd 0000:00:04.0: submit interrupt in urb
[  132.469868] xhci_hcd 0000:00:04.0: interrupt!
[  132.470072] xhci_hcd 0000:00:04.0: dump trb:
[  132.470114] xhci_hcd 0000:00:04.0: 1fd3180
[  132.470156] xhci_hcd 0000:00:04.0: 0
[  132.470195] xhci_hcd 0000:00:04.0: 14
[  132.470233] xhci_hcd 0000:00:04.0: 424
[  132.526957] hid-generic 0003:046D:C52F.0002: input,hiddev96,hidraw1: USB HID v1.11 Device [Logitech USB Receiver] on usb-0000:00:04.0-2/input1
[  148.389015] xhci_hcd 0000:00:04.0: submit interrupt in urb
[  148.389174] xhci_hcd 0000:00:04.0: interrupt!
[  148.389238] xhci_hcd 0000:00:04.0: dump trb:
[  148.389285] xhci_hcd 0000:00:04.0: 1fd3180
[  148.389359] xhci_hcd 0000:00:04.0: 0
[  148.389407] xhci_hcd 0000:00:04.0: 14
[  148.389450] xhci_hcd 0000:00:04.0: 424
